Archive member included to satisfy reference by file (symbol)

/usr/local/Cellar/arm-gcc-bin/8-2018-q4-major/bin/../lib/gcc/arm-none-eabi/8.2.1/../../../../arm-none-eabi/lib/thumb/v6-m/nofp/libc_nano.a(lib_a-exit.o)
                              /usr/local/Cellar/arm-gcc-bin/8-2018-q4-major/bin/../lib/gcc/arm-none-eabi/8.2.1/../../../../arm-none-eabi/lib/thumb/v6-m/nofp/crt0.o (exit)
/usr/local/Cellar/arm-gcc-bin/8-2018-q4-major/bin/../lib/gcc/arm-none-eabi/8.2.1/../../../../arm-none-eabi/lib/thumb/v6-m/nofp/libc_nano.a(lib_a-impure.o)
                              /usr/local/Cellar/arm-gcc-bin/8-2018-q4-major/bin/../lib/gcc/arm-none-eabi/8.2.1/../../../../arm-none-eabi/lib/thumb/v6-m/nofp/libc_nano.a(lib_a-exit.o) (_global_impure_ptr)
/usr/local/Cellar/arm-gcc-bin/8-2018-q4-major/bin/../lib/gcc/arm-none-eabi/8.2.1/../../../../arm-none-eabi/lib/thumb/v6-m/nofp/libc_nano.a(lib_a-init.o)
                              /usr/local/Cellar/arm-gcc-bin/8-2018-q4-major/bin/../lib/gcc/arm-none-eabi/8.2.1/../../../../arm-none-eabi/lib/thumb/v6-m/nofp/crt0.o (__libc_init_array)
/usr/local/Cellar/arm-gcc-bin/8-2018-q4-major/bin/../lib/gcc/arm-none-eabi/8.2.1/../../../../arm-none-eabi/lib/thumb/v6-m/nofp/libc_nano.a(lib_a-memset.o)
                              /usr/local/Cellar/arm-gcc-bin/8-2018-q4-major/bin/../lib/gcc/arm-none-eabi/8.2.1/../../../../arm-none-eabi/lib/thumb/v6-m/nofp/crt0.o (memset)
/usr/local/Cellar/arm-gcc-bin/8-2018-q4-major/bin/../lib/gcc/arm-none-eabi/8.2.1/../../../../arm-none-eabi/lib/thumb/v6-m/nofp/libnosys.a(_exit.o)
                              /usr/local/Cellar/arm-gcc-bin/8-2018-q4-major/bin/../lib/gcc/arm-none-eabi/8.2.1/../../../../arm-none-eabi/lib/thumb/v6-m/nofp/libc_nano.a(lib_a-exit.o) (_exit)
/usr/local/Cellar/arm-gcc-bin/8-2018-q4-major/bin/../lib/gcc/arm-none-eabi/8.2.1/thumb/v6-m/nofp/libgcc.a(_udivsi3.o)
                              build/stm32f0xx_hal_spi.o (__aeabi_uidiv)
/usr/local/Cellar/arm-gcc-bin/8-2018-q4-major/bin/../lib/gcc/arm-none-eabi/8.2.1/thumb/v6-m/nofp/libgcc.a(_divsi3.o)
                              build/stm32f0xx_hal_rcc.o (__aeabi_idiv)
/usr/local/Cellar/arm-gcc-bin/8-2018-q4-major/bin/../lib/gcc/arm-none-eabi/8.2.1/thumb/v6-m/nofp/libgcc.a(_dvmd_tls.o)
                              /usr/local/Cellar/arm-gcc-bin/8-2018-q4-major/bin/../lib/gcc/arm-none-eabi/8.2.1/thumb/v6-m/nofp/libgcc.a(_udivsi3.o) (__aeabi_idiv0)

Allocating common symbols
Common symbol       size              file

hdma_usart2_rx      0x44              build/usart.o
hi2c1               0x4c              build/i2c.o
htim15              0x40              build/tim.o
hiwdg               0x10              build/iwdg.o
htim17              0x40              build/tim.o
uwTick              0x4               build/stm32f0xx_hal.o
pFlash              0x20              build/stm32f0xx_hal_flash.o
htim3               0x40              build/tim.o
huart1              0x70              build/usart.o
hrtc                0x20              build/rtc.o
htim1               0x40              build/tim.o
hdma_i2c1_rx        0x44              build/i2c.o
hspi1               0x64              build/spi.o
huart2              0x70              build/usart.o
hdma_spi1_rx        0x44              build/spi.o
htim14              0x40              build/tim.o
htim16              0x40              build/tim.o

Discarded input sections

 .text          0x0000000000000000        0x0 /usr/local/Cellar/arm-gcc-bin/8-2018-q4-major/bin/../lib/gcc/arm-none-eabi/8.2.1/thumb/v6-m/nofp/crti.o
 .data          0x0000000000000000        0x0 /usr/local/Cellar/arm-gcc-bin/8-2018-q4-major/bin/../lib/gcc/arm-none-eabi/8.2.1/thumb/v6-m/nofp/crti.o
 .bss           0x0000000000000000        0x0 /usr/local/Cellar/arm-gcc-bin/8-2018-q4-major/bin/../lib/gcc/arm-none-eabi/8.2.1/thumb/v6-m/nofp/crti.o
 .data          0x0000000000000000        0x4 /usr/local/Cellar/arm-gcc-bin/8-2018-q4-major/bin/../lib/gcc/arm-none-eabi/8.2.1/thumb/v6-m/nofp/crtbegin.o
 .text          0x0000000000000000       0x78 /usr/local/Cellar/arm-gcc-bin/8-2018-q4-major/bin/../lib/gcc/arm-none-eabi/8.2.1/../../../../arm-none-eabi/lib/thumb/v6-m/nofp/crt0.o
 .data          0x0000000000000000        0x0 /usr/local/Cellar/arm-gcc-bin/8-2018-q4-major/bin/../lib/gcc/arm-none-eabi/8.2.1/../../../../arm-none-eabi/lib/thumb/v6-m/nofp/crt0.o
 .bss           0x0000000000000000        0x0 /usr/local/Cellar/arm-gcc-bin/8-2018-q4-major/bin/../lib/gcc/arm-none-eabi/8.2.1/../../../../arm-none-eabi/lib/thumb/v6-m/nofp/crt0.o
 .ARM.extab     0x0000000000000000        0x0 /usr/local/Cellar/arm-gcc-bin/8-2018-q4-major/bin/../lib/gcc/arm-none-eabi/8.2.1/../../../../arm-none-eabi/lib/thumb/v6-m/nofp/crt0.o
 .ARM.exidx     0x0000000000000000        0x8 /usr/local/Cellar/arm-gcc-bin/8-2018-q4-major/bin/../lib/gcc/arm-none-eabi/8.2.1/../../../../arm-none-eabi/lib/thumb/v6-m/nofp/crt0.o
 .ARM.attributes
[...]
Memory Configuration

Name             Origin             Length             Attributes
RAM              0x0000000020000000 0x0000000000008000 xrw
FLASH            0x0000000008000000 0x0000000000040000 xr
*default*        0x0000000000000000 0xffffffffffffffff

Linker script and memory map

LOAD /usr/local/Cellar/arm-gcc-bin/8-2018-q4-major/bin/../lib/gcc/arm-none-eabi/8.2.1/thumb/v6-m/nofp/crti.o
LOAD /usr/local/Cellar/arm-gcc-bin/8-2018-q4-major/bin/../lib/gcc/arm-none-eabi/8.2.1/thumb/v6-m/nofp/crtbegin.o
LOAD /usr/local/Cellar/arm-gcc-bin/8-2018-q4-major/bin/../lib/gcc/arm-none-eabi/8.2.1/../../../../arm-none-eabi/lib/thumb/v6-m/nofp/crt0.o
LOAD build/main.o
LOAD build/gpio.o
LOAD build/dma.o
LOAD build/i2c.o
LOAD build/iwdg.o
LOAD build/rtc.o
LOAD build/spi.o
LOAD build/tim.o
LOAD build/usart.o
LOAD build/stm32f0xx_it.o
LOAD build/stm32f0xx_hal_msp.o
LOAD build/stm32f0xx_hal_i2c.o
LOAD build/stm32f0xx_hal_i2c_ex.o
LOAD build/stm32f0xx_hal_iwdg.o
LOAD build/stm32f0xx_hal_rtc.o
LOAD build/stm32f0xx_hal_rtc_ex.o
LOAD build/stm32f0xx_hal_spi.o
LOAD build/stm32f0xx_hal_spi_ex.o
LOAD build/stm32f0xx_hal_tim.o
LOAD build/stm32f0xx_hal_tim_ex.o
LOAD build/stm32f0xx_hal_uart.o
LOAD build/stm32f0xx_hal_uart_ex.o
LOAD build/stm32f0xx_hal_rcc.o
LOAD build/stm32f0xx_hal_rcc_ex.o
LOAD build/stm32f0xx_hal.o
LOAD build/stm32f0xx_hal_gpio.o
LOAD build/stm32f0xx_hal_dma.o
LOAD build/stm32f0xx_hal_cortex.o
LOAD build/stm32f0xx_hal_pwr.o
LOAD build/stm32f0xx_hal_pwr_ex.o
LOAD build/stm32f0xx_hal_flash.o
LOAD build/stm32f0xx_hal_flash_ex.o
LOAD build/system_stm32f0xx.o
LOAD build/startup_stm32f030xc.o
LOAD /usr/local/Cellar/arm-gcc-bin/8-2018-q4-major/bin/../lib/gcc/arm-none-eabi/8.2.1/../../../../arm-none-eabi/lib/thumb/v6-m/nofp/libc_nano.a
LOAD /usr/local/Cellar/arm-gcc-bin/8-2018-q4-major/bin/../lib/gcc/arm-none-eabi/8.2.1/../../../../arm-none-eabi/lib/thumb/v6-m/nofp/libm.a
LOAD /usr/local/Cellar/arm-gcc-bin/8-2018-q4-major/bin/../lib/gcc/arm-none-eabi/8.2.1/../../../../arm-none-eabi/lib/thumb/v6-m/nofp/libnosys.a
START GROUP
LOAD /usr/local/Cellar/arm-gcc-bin/8-2018-q4-major/bin/../lib/gcc/arm-none-eabi/8.2.1/thumb/v6-m/nofp/libgcc.a
LOAD /usr/local/Cellar/arm-gcc-bin/8-2018-q4-major/bin/../lib/gcc/arm-none-eabi/8.2.1/../../../../arm-none-eabi/lib/thumb/v6-m/nofp/libc_nano.a
END GROUP
START GROUP
LOAD /usr/local/Cellar/arm-gcc-bin/8-2018-q4-major/bin/../lib/gcc/arm-none-eabi/8.2.1/thumb/v6-m/nofp/libgcc.a
LOAD /usr/local/Cellar/arm-gcc-bin/8-2018-q4-major/bin/../lib/gcc/arm-none-eabi/8.2.1/../../../../arm-none-eabi/lib/thumb/v6-m/nofp/libc_nano.a
END GROUP
LOAD /usr/local/Cellar/arm-gcc-bin/8-2018-q4-major/bin/../lib/gcc/arm-none-eabi/8.2.1/thumb/v6-m/nofp/crtend.o
LOAD /usr/local/Cellar/arm-gcc-bin/8-2018-q4-major/bin/../lib/gcc/arm-none-eabi/8.2.1/thumb/v6-m/nofp/crtn.o
                0x0000000020008000                _estack = 0x20008000
                0x0000000000000200                _Min_Heap_Size = 0x200
                0x0000000000000400                _Min_Stack_Size = 0x400

.isr_vector     0x0000000008000000       0xbc
                0x0000000008000000                . = ALIGN (0x4)
 *(.isr_vector)
 .isr_vector    0x0000000008000000       0xbc build/startup_stm32f030xc.o
                0x0000000008000000                g_pfnVectors
                0x00000000080000bc                . = ALIGN (0x4)

.text           0x00000000080000bc     0x2dfc
                0x00000000080000bc                . = ALIGN (0x4)
 *(.text)
 .text          0x00000000080000bc       0x48 /usr/local/Cellar/arm-gcc-bin/8-2018-q4-major/bin/../lib/gcc/arm-none-eabi/8.2.1/thumb/v6-m/nofp/crtbegin.o
 .text          0x0000000008000104      0x114 /usr/local/Cellar/arm-gcc-bin/8-2018-q4-major/bin/../lib/gcc/arm-none-eabi/8.2.1/thumb/v6-m/nofp/libgcc.a(_udivsi3.o)
                0x0000000008000104                __udivsi3
                0x0000000008000104                __aeabi_uidiv
                0x0000000008000210                __aeabi_uidivmod
 .text          0x0000000008000218        0x4 /usr/local/Cellar/arm-gcc-bin/8-2018-q4-major/bin/../lib/gcc/arm-none-eabi/8.2.1/thumb/v6-m/nofp/libgcc.a(_dvmd_tls.o)
                0x0000000008000218                __aeabi_ldiv0
                0x0000000008000218                __aeabi_idiv0
 *(.text*)
 .text.SystemClock_Config
                0x000000000800021c       0x94 build/main.o
                0x000000000800021c                SystemClock_Config
 .text.startup.main
                0x00000000080002b0       0x68 build/main.o
                0x00000000080002b0                main
 .text.Error_Handler
                0x0000000008000318        0x4 build/main.o
                0x0000000008000318                Error_Handler
 .text.MX_GPIO_Init
                0x000000000800031c       0xb8 build/gpio.o
                0x000000000800031c                MX_GPIO_Init
 .text.MX_DMA_Init
                0x00000000080003d4       0x40 build/dma.o
                0x00000000080003d4                MX_DMA_Init
 .text.MX_I2C1_Init
                0x0000000008000414       0x74 build/i2c.o
                0x0000000008000414                MX_I2C1_Init
 .text.HAL_I2C_MspInit
                0x0000000008000488       0xc0 build/i2c.o
                0x0000000008000488                HAL_I2C_MspInit
 .text.MX_IWDG_Init
                0x0000000008000548       0x30 build/iwdg.o
                0x0000000008000548                MX_IWDG_Init
 .text.MX_RTC_Init
                0x0000000008000578       0x34 build/rtc.o
                0x0000000008000578                MX_RTC_Init
 .text.HAL_RTC_MspInit
                0x00000000080005ac       0x20 build/rtc.o
                0x00000000080005ac                HAL_RTC_MspInit
 .text.MX_SPI1_Init
                0x00000000080005cc       0x40 build/spi.o
                0x00000000080005cc                MX_SPI1_Init
 .text.HAL_SPI_MspInit
                0x000000000800060c       0xf4 build/spi.o
                0x000000000800060c                HAL_SPI_MspInit
 .text.MX_TIM14_Init
                0x0000000008000700       0x7c build/tim.o
                0x0000000008000700                MX_TIM14_Init
 .text.HAL_TIM_Base_MspInit
                0x000000000800077c      0x10c build/tim.o
                0x000000000800077c                HAL_TIM_Base_MspInit
 .text.HAL_TIM_MspPostInit
                0x0000000008000888      0x110 build/tim.o
                0x0000000008000888                HAL_TIM_MspPostInit
 .text.MX_TIM1_Init
                0x0000000008000998      0x130 build/tim.o
                0x0000000008000998                MX_TIM1_Init
 .text.MX_TIM3_Init
                0x0000000008000ac8       0xf8 build/tim.o
                0x0000000008000ac8                MX_TIM3_Init
 .text.MX_TIM15_Init
                0x0000000008000bc0      0x108 build/tim.o
                0x0000000008000bc0                MX_TIM15_Init
 .text.MX_TIM16_Init
                0x0000000008000cc8       0xb8 build/tim.o
                0x0000000008000cc8                MX_TIM16_Init
 .text.MX_TIM17_Init
                0x0000000008000d80       0xb8 build/tim.o
                0x0000000008000d80                MX_TIM17_Init
 .text.MX_USART1_UART_Init
                0x0000000008000e38       0x44 build/usart.o
                0x0000000008000e38                MX_USART1_UART_Init
 .text.MX_USART2_UART_Init
                0x0000000008000e7c       0x3c build/usart.o
                0x0000000008000e7c                MX_USART2_UART_Init
 .text.HAL_UART_MspInit
                0x0000000008000eb8      0x100 build/usart.o
                0x0000000008000eb8                HAL_UART_MspInit
 .text.NMI_Handler
                0x0000000008000fb8        0x4 build/stm32f0xx_it.o
                0x0000000008000fb8                NMI_Handler
 .text.HardFault_Handler
                0x0000000008000fbc        0x4 build/stm32f0xx_it.o
                0x0000000008000fbc                HardFault_Handler
 .text.SVC_Handler
                0x0000000008000fc0        0x4 build/stm32f0xx_it.o
                0x0000000008000fc0                SVC_Handler
 .text.PendSV_Handler
                0x0000000008000fc4        0x4 build/stm32f0xx_it.o
                0x0000000008000fc4                PendSV_Handler
 .text.SysTick_Handler
                0x0000000008000fc8        0x8 build/stm32f0xx_it.o
                0x0000000008000fc8                SysTick_Handler
 .text.DMA1_Channel2_3_IRQHandler
                0x0000000008000fd0       0x18 build/stm32f0xx_it.o
                0x0000000008000fd0                DMA1_Channel2_3_IRQHandler
 .text.DMA1_Channel4_5_IRQHandler
                0x0000000008000fe8       0x10 build/stm32f0xx_it.o
                0x0000000008000fe8                DMA1_Channel4_5_IRQHandler
 .text.TIM14_IRQHandler
                0x0000000008000ff8       0x10 build/stm32f0xx_it.o
                0x0000000008000ff8                TIM14_IRQHandler
 .text.SPI1_IRQHandler
                0x0000000008001008       0x10 build/stm32f0xx_it.o
                0x0000000008001008                SPI1_IRQHandler
 .text.HAL_MspInit
                0x0000000008001018       0x30 build/stm32f0xx_hal_msp.o
                0x0000000008001018                HAL_MspInit
 .text.HAL_I2C_Init
                0x0000000008001048       0xb0 build/stm32f0xx_hal_i2c.o
                0x0000000008001048                HAL_I2C_Init
 .text.HAL_I2CEx_ConfigAnalogFilter
                0x00000000080010f8       0x4c build/stm32f0xx_hal_i2c_ex.o
                0x00000000080010f8                HAL_I2CEx_ConfigAnalogFilter
 .text.HAL_I2CEx_ConfigDigitalFilter
                0x0000000008001144       0x5c build/stm32f0xx_hal_i2c_ex.o
                0x0000000008001144                HAL_I2CEx_ConfigDigitalFilter
 .text.HAL_IWDG_Init
                0x00000000080011a0       0x5c build/stm32f0xx_hal_iwdg.o
                0x00000000080011a0                HAL_IWDG_Init
 .text.HAL_RTC_WaitForSynchro
                0x00000000080011fc       0x38 build/stm32f0xx_hal_rtc.o
                0x00000000080011fc                HAL_RTC_WaitForSynchro
 .text.RTC_EnterInitMode
                0x0000000008001234       0x3c build/stm32f0xx_hal_rtc.o
                0x0000000008001234                RTC_EnterInitMode
 .text.HAL_RTC_Init
                0x0000000008001270       0xa4 build/stm32f0xx_hal_rtc.o
                0x0000000008001270                HAL_RTC_Init
 .text.HAL_SPI_Init
                0x0000000008001314       0xdc build/stm32f0xx_hal_spi.o
                0x0000000008001314                HAL_SPI_Init
 .text.HAL_SPI_ErrorCallback
                0x00000000080013f0        0x4 build/stm32f0xx_hal_spi.o
                0x00000000080013f0                HAL_SPI_ErrorCallback
 .text.HAL_SPI_IRQHandler
                0x00000000080013f4       0xf0 build/stm32f0xx_hal_spi.o
                0x00000000080013f4                HAL_SPI_IRQHandler
 .text.SPI_DMAAbortOnError
                0x00000000080014e4       0x14 build/stm32f0xx_hal_spi.o
 .text.TIM_OC1_SetConfig
                0x00000000080014f8       0x70 build/stm32f0xx_hal_tim.o
 .text.TIM_OC3_SetConfig
                0x0000000008001568       0x88 build/stm32f0xx_hal_tim.o
 .text.TIM_OC4_SetConfig
                0x00000000080015f0       0x74 build/stm32f0xx_hal_tim.o
 .text.HAL_TIM_OC_Start
                0x0000000008001664       0x50 build/stm32f0xx_hal_tim.o
                0x0000000008001664                HAL_TIM_OC_Start
 .text.HAL_TIM_PWM_MspInit
                0x00000000080016b4        0x4 build/stm32f0xx_hal_tim.o
                0x00000000080016b4                HAL_TIM_PWM_MspInit
 .text.HAL_TIM_PWM_Start
                0x00000000080016b8        0x8 build/stm32f0xx_hal_tim.o
                0x00000000080016b8                HAL_TIM_PWM_Start
 .text.HAL_TIM_IC_MspInit
                0x00000000080016c0        0x4 build/stm32f0xx_hal_tim.o
                0x00000000080016c0                HAL_TIM_IC_MspInit
 .text.HAL_TIM_ConfigClockSource
                0x00000000080016c4      0x18c build/stm32f0xx_hal_tim.o
                0x00000000080016c4                HAL_TIM_ConfigClockSource
 .text.HAL_TIM_PeriodElapsedCallback
                0x0000000008001850        0x4 build/stm32f0xx_hal_tim.o
                0x0000000008001850                HAL_TIM_PeriodElapsedCallback
 .text.HAL_TIM_OC_DelayElapsedCallback
                0x0000000008001854        0x4 build/stm32f0xx_hal_tim.o
                0x0000000008001854                HAL_TIM_OC_DelayElapsedCallback
 .text.HAL_TIM_IC_CaptureCallback
                0x0000000008001858        0x4 build/stm32f0xx_hal_tim.o
                0x0000000008001858                HAL_TIM_IC_CaptureCallback
 .text.HAL_TIM_PWM_PulseFinishedCallback
                0x000000000800185c        0x4 build/stm32f0xx_hal_tim.o
                0x000000000800185c                HAL_TIM_PWM_PulseFinishedCallback
 .text.HAL_TIM_TriggerCallback
                0x0000000008001860        0x4 build/stm32f0xx_hal_tim.o
                0x0000000008001860                HAL_TIM_TriggerCallback
 .text.HAL_TIM_IRQHandler
                0x0000000008001864      0x158 build/stm32f0xx_hal_tim.o
                0x0000000008001864                HAL_TIM_IRQHandler
 .text.TIM_Base_SetConfig
                0x00000000080019bc       0xa4 build/stm32f0xx_hal_tim.o
                0x00000000080019bc                TIM_Base_SetConfig
 .text.HAL_TIM_Base_Init
                0x0000000008001a60       0x34 build/stm32f0xx_hal_tim.o
                0x0000000008001a60                HAL_TIM_Base_Init
 .text.HAL_TIM_PWM_Init
                0x0000000008001a94       0x34 build/stm32f0xx_hal_tim.o
                0x0000000008001a94                HAL_TIM_PWM_Init
 .text.HAL_TIM_IC_Init
                0x0000000008001ac8       0x34 build/stm32f0xx_hal_tim.o
                0x0000000008001ac8                HAL_TIM_IC_Init
 .text.TIM_OC2_SetConfig
                0x0000000008001afc       0x80 build/stm32f0xx_hal_tim.o
                0x0000000008001afc                TIM_OC2_SetConfig
 .text.HAL_TIM_PWM_ConfigChannel
                0x0000000008001b7c       0xd0 build/stm32f0xx_hal_tim.o
                0x0000000008001b7c                HAL_TIM_PWM_ConfigChannel
 .text.TIM_TI1_SetConfig
                0x0000000008001c4c       0x50 build/stm32f0xx_hal_tim.o
                0x0000000008001c4c                TIM_TI1_SetConfig
 .text.HAL_TIM_IC_ConfigChannel
                0x0000000008001c9c      0x148 build/stm32f0xx_hal_tim.o
                0x0000000008001c9c                HAL_TIM_IC_ConfigChannel
 .text.HAL_TIMEx_MasterConfigSynchronization
                0x0000000008001de4       0x44 build/stm32f0xx_hal_tim_ex.o
                0x0000000008001de4                HAL_TIMEx_MasterConfigSynchronization
 .text.HAL_TIMEx_ConfigBreakDeadTime
                0x0000000008001e28       0x78 build/stm32f0xx_hal_tim_ex.o
                0x0000000008001e28                HAL_TIMEx_ConfigBreakDeadTime
 .text.HAL_TIMEx_CommutationCallback
                0x0000000008001ea0        0x4 build/stm32f0xx_hal_tim_ex.o
                0x0000000008001ea0                HAL_TIMEx_CommutationCallback
 .text.HAL_TIMEx_BreakCallback
                0x0000000008001ea4        0x4 build/stm32f0xx_hal_tim_ex.o
                0x0000000008001ea4                HAL_TIMEx_BreakCallback
 .text.UART_SetConfig
                0x0000000008001ea8      0x180 build/stm32f0xx_hal_uart.o
                0x0000000008001ea8                UART_SetConfig
 .text.UART_AdvFeatureConfig
                0x0000000008002028       0xd0 build/stm32f0xx_hal_uart.o
                0x0000000008002028                UART_AdvFeatureConfig
 .text.HAL_UART_Init
                0x00000000080020f8       0x7c build/stm32f0xx_hal_uart.o
                0x00000000080020f8                HAL_UART_Init
 .text.HAL_RCC_OscConfig
                0x0000000008002174      0x478 build/stm32f0xx_hal_rcc.o
                0x0000000008002174                HAL_RCC_OscConfig
 .text.HAL_RCC_MCOConfig
                0x00000000080025ec       0x54 build/stm32f0xx_hal_rcc.o
                0x00000000080025ec                HAL_RCC_MCOConfig
 .text.HAL_RCC_GetSysClockFreq
                0x0000000008002640       0x58 build/stm32f0xx_hal_rcc.o
                0x0000000008002640                HAL_RCC_GetSysClockFreq
 .text.HAL_RCC_ClockConfig
                0x0000000008002698      0x150 build/stm32f0xx_hal_rcc.o
                0x0000000008002698                HAL_RCC_ClockConfig
 .text.HAL_RCC_GetHCLKFreq
                0x00000000080027e8        0xc build/stm32f0xx_hal_rcc.o
                0x00000000080027e8                HAL_RCC_GetHCLKFreq
 .text.HAL_RCC_GetPCLK1Freq
                0x00000000080027f4       0x20 build/stm32f0xx_hal_rcc.o
                0x00000000080027f4                HAL_RCC_GetPCLK1Freq
 .text.HAL_RCCEx_PeriphCLKConfig
                0x0000000008002814      0x128 build/stm32f0xx_hal_rcc_ex.o
                0x0000000008002814                HAL_RCCEx_PeriphCLKConfig
 .text.HAL_InitTick
                0x000000000800293c       0x24 build/stm32f0xx_hal.o
                0x000000000800293c                HAL_InitTick
 .text.HAL_Init
                0x0000000008002960       0x20 build/stm32f0xx_hal.o
                0x0000000008002960                HAL_Init
 .text.HAL_IncTick
                0x0000000008002980       0x10 build/stm32f0xx_hal.o
                0x0000000008002980                HAL_IncTick
 .text.HAL_GetTick
                0x0000000008002990        0xc build/stm32f0xx_hal.o
                0x0000000008002990                HAL_GetTick
 .text.HAL_GPIO_Init
                0x000000000800299c      0x1e0 build/stm32f0xx_hal_gpio.o
                0x000000000800299c                HAL_GPIO_Init
 .text.HAL_GPIO_WritePin
                0x0000000008002b7c        0xc build/stm32f0xx_hal_gpio.o
                0x0000000008002b7c                HAL_GPIO_WritePin
 .text.HAL_DMA_Init
                0x0000000008002b88       0x70 build/stm32f0xx_hal_dma.o
                0x0000000008002b88                HAL_DMA_Init
 .text.HAL_DMA_Abort_IT
                0x0000000008002bf8       0x48 build/stm32f0xx_hal_dma.o
                0x0000000008002bf8                HAL_DMA_Abort_IT
 .text.HAL_DMA_IRQHandler
                0x0000000008002c40       0x9c build/stm32f0xx_hal_dma.o
                0x0000000008002c40                HAL_DMA_IRQHandler
 .text.HAL_NVIC_SetPriority
                0x0000000008002cdc       0x58 build/stm32f0xx_hal_cortex.o
                0x0000000008002cdc                HAL_NVIC_SetPriority
 .text.HAL_NVIC_EnableIRQ
                0x0000000008002d34       0x14 build/stm32f0xx_hal_cortex.o
                0x0000000008002d34                HAL_NVIC_EnableIRQ
 .text.HAL_SYSTICK_Config
                0x0000000008002d48       0x38 build/stm32f0xx_hal_cortex.o
                0x0000000008002d48                HAL_SYSTICK_Config
 .text.HAL_PWR_EnableBkUpAccess
                0x0000000008002d80       0x14 build/stm32f0xx_hal_pwr.o
                0x0000000008002d80                HAL_PWR_EnableBkUpAccess
 .text.SystemInit
                0x0000000008002d94       0x60 build/system_stm32f0xx.o
                0x0000000008002d94                SystemInit
 .text.Reset_Handler
                0x0000000008002df4       0x50 build/startup_stm32f030xc.o
                0x0000000008002df4                Reset_Handler
 .text.Default_Handler
                0x0000000008002e44        0x2 build/startup_stm32f030xc.o
                0x0000000008002e44                TIM1_BRK_UP_TRG_COM_IRQHandler
                0x0000000008002e44                TIM6_IRQHandler
                0x0000000008002e44                I2C1_IRQHandler
                0x0000000008002e44                EXTI2_3_IRQHandler
                0x0000000008002e44                ADC1_IRQHandler
                0x0000000008002e44                I2C2_IRQHandler
                0x0000000008002e44                USART3_6_IRQHandler
                0x0000000008002e44                TIM17_IRQHandler
                0x0000000008002e44                RTC_IRQHandler
                0x0000000008002e44                TIM16_IRQHandler
                0x0000000008002e44                TIM3_IRQHandler
                0x0000000008002e44                EXTI4_15_IRQHandler
                0x0000000008002e44                RCC_IRQHandler
                0x0000000008002e44                DMA1_Channel1_IRQHandler
                0x0000000008002e44                Default_Handler
                0x0000000008002e44                TIM7_IRQHandler
                0x0000000008002e44                TIM15_IRQHandler
                0x0000000008002e44                EXTI0_1_IRQHandler
                0x0000000008002e44                SPI2_IRQHandler
                0x0000000008002e44                WWDG_IRQHandler
                0x0000000008002e44                USART2_IRQHandler
                0x0000000008002e44                FLASH_IRQHandler
                0x0000000008002e44                USART1_IRQHandler
                0x0000000008002e44                TIM1_CC_IRQHandler
 *fill*         0x0000000008002e46        0x2 
 .text.__libc_init_array
                0x0000000008002e48       0x48 /usr/local/Cellar/arm-gcc-bin/8-2018-q4-major/bin/../lib/gcc/arm-none-eabi/8.2.1/../../../../arm-none-eabi/lib/thumb/v6-m/nofp/libc_nano.a(lib_a-init.o)
                0x0000000008002e48                __libc_init_array
 .text.memset   0x0000000008002e90       0x10 /usr/local/Cellar/arm-gcc-bin/8-2018-q4-major/bin/../lib/gcc/arm-none-eabi/8.2.1/../../../../arm-none-eabi/lib/thumb/v6-m/nofp/libc_nano.a(lib_a-memset.o)
                0x0000000008002e90                memset
 *(.glue_7)
 .glue_7        0x0000000008002ea0        0x0 linker stubs
 *(.glue_7t)
 .glue_7t       0x0000000008002ea0        0x0 linker stubs
 *(.eh_frame)
 .eh_frame      0x0000000008002ea0        0x0 /usr/local/Cellar/arm-gcc-bin/8-2018-q4-major/bin/../lib/gcc/arm-none-eabi/8.2.1/thumb/v6-m/nofp/crtbegin.o
 *(.init)
 .init          0x0000000008002ea0        0x4 /usr/local/Cellar/arm-gcc-bin/8-2018-q4-major/bin/../lib/gcc/arm-none-eabi/8.2.1/thumb/v6-m/nofp/crti.o
                0x0000000008002ea0                _init
 .init          0x0000000008002ea4        0x8 /usr/local/Cellar/arm-gcc-bin/8-2018-q4-major/bin/../lib/gcc/arm-none-eabi/8.2.1/thumb/v6-m/nofp/crtn.o
 *(.fini)
 .fini          0x0000000008002eac        0x4 /usr/local/Cellar/arm-gcc-bin/8-2018-q4-major/bin/../lib/gcc/arm-none-eabi/8.2.1/thumb/v6-m/nofp/crti.o
                0x0000000008002eac                _fini
 .fini          0x0000000008002eb0        0x8 /usr/local/Cellar/arm-gcc-bin/8-2018-q4-major/bin/../lib/gcc/arm-none-eabi/8.2.1/thumb/v6-m/nofp/crtn.o
                0x0000000008002eb8                . = ALIGN (0x4)
                0x0000000008002eb8                _etext = .

.vfp11_veneer   0x0000000008002eb8        0x0
 .vfp11_veneer  0x0000000008002eb8        0x0 linker stubs

.v4_bx          0x0000000008002eb8        0x0
 .v4_bx         0x0000000008002eb8        0x0 linker stubs

.iplt           0x0000000008002eb8        0x0
 .iplt          0x0000000008002eb8        0x0 /usr/local/Cellar/arm-gcc-bin/8-2018-q4-major/bin/../lib/gcc/arm-none-eabi/8.2.1/thumb/v6-m/nofp/crtbegin.o

.rodata         0x0000000008002eb8       0x3c
                0x0000000008002eb8                . = ALIGN (0x4)
 *(.rodata)
 .rodata        0x0000000008002eb8       0x20 build/stm32f0xx_hal_rcc.o
 *(.rodata*)
 .rodata.CSWTCH.8
                0x0000000008002ed8        0x4 build/stm32f0xx_hal_uart.o
 .rodata.AHBPrescTable
                0x0000000008002edc       0x10 build/system_stm32f0xx.o
                0x0000000008002edc                AHBPrescTable
 .rodata.APBPrescTable
                0x0000000008002eec        0x8 build/system_stm32f0xx.o
                0x0000000008002eec                APBPrescTable
                0x0000000008002ef4                . = ALIGN (0x4)

.rel.dyn        0x0000000008002ef4        0x0
 .rel.iplt      0x0000000008002ef4        0x0 /usr/local/Cellar/arm-gcc-bin/8-2018-q4-major/bin/../lib/gcc/arm-none-eabi/8.2.1/thumb/v6-m/nofp/crtbegin.o

.ARM.extab
 *(.ARM.extab* .gnu.linkonce.armextab.*)

.ARM            0x0000000008002ef4        0x0
                0x0000000008002ef4                __exidx_start = .
 *(.ARM.exidx*)
                0x0000000008002ef4                __exidx_end = .

.preinit_array  0x0000000008002ef4        0x0
                0x0000000008002ef4                PROVIDE (__preinit_array_start = .)
 *(.preinit_array*)
                0x0000000008002ef4                PROVIDE (__preinit_array_end = .)

.init_array     0x0000000008002ef4        0x4
                0x0000000008002ef4                PROVIDE (__init_array_start = .)
 *(SORT_BY_NAME(.init_array.*))
 *(.init_array*)
 .init_array    0x0000000008002ef4        0x4 /usr/local/Cellar/arm-gcc-bin/8-2018-q4-major/bin/../lib/gcc/arm-none-eabi/8.2.1/thumb/v6-m/nofp/crtbegin.o
                0x0000000008002ef8                PROVIDE (__init_array_end = .)

.fini_array     0x0000000008002ef8        0x4
                [!provide]                        PROVIDE (__fini_array_start = .)
 *(SORT_BY_NAME(.fini_array.*))
 *(.fini_array*)
 .fini_array    0x0000000008002ef8        0x4 /usr/local/Cellar/arm-gcc-bin/8-2018-q4-major/bin/../lib/gcc/arm-none-eabi/8.2.1/thumb/v6-m/nofp/crtbegin.o
                [!provide]                        PROVIDE (__fini_array_end = .)
                0x0000000008002efc                _sidata = LOADADDR (.data)

.data           0x0000000020000000        0x4 load address 0x0000000008002efc
                0x0000000020000000                . = ALIGN (0x4)
                0x0000000020000000                _sdata = .
 *(.data)
 *(.data*)
 .data.SystemCoreClock
                0x0000000020000000        0x4 build/system_stm32f0xx.o
                0x0000000020000000                SystemCoreClock
                0x0000000020000004                . = ALIGN (0x4)
                0x0000000020000004                _edata = .

.igot.plt       0x0000000020000004        0x0 load address 0x0000000008002f00
 .igot.plt      0x0000000020000004        0x0 /usr/local/Cellar/arm-gcc-bin/8-2018-q4-major/bin/../lib/gcc/arm-none-eabi/8.2.1/thumb/v6-m/nofp/crtbegin.o
                0x0000000020000004                . = ALIGN (0x4)

.bss            0x0000000020000004      0x42c load address 0x0000000008002f00
                0x0000000020000004                _sbss = .
                0x0000000020000004                __bss_start__ = _sbss
 *(.bss)
 .bss           0x0000000020000004       0x1c /usr/local/Cellar/arm-gcc-bin/8-2018-q4-major/bin/../lib/gcc/arm-none-eabi/8.2.1/thumb/v6-m/nofp/crtbegin.o
 *(.bss*)
 *(COMMON)
 COMMON         0x0000000020000020       0x90 build/i2c.o
                0x0000000020000020                hi2c1
                0x000000002000006c                hdma_i2c1_rx
 COMMON         0x00000000200000b0       0x10 build/iwdg.o
                0x00000000200000b0                hiwdg
 COMMON         0x00000000200000c0       0x20 build/rtc.o
                0x00000000200000c0                hrtc
 COMMON         0x00000000200000e0       0xa8 build/spi.o
                0x00000000200000e0                hspi1
                0x0000000020000144                hdma_spi1_rx
 COMMON         0x0000000020000188      0x180 build/tim.o
                0x0000000020000188                htim15
                0x00000000200001c8                htim17
                0x0000000020000208                htim3
                0x0000000020000248                htim1
                0x0000000020000288                htim14
                0x00000000200002c8                htim16
 COMMON         0x0000000020000308      0x124 build/usart.o
                0x0000000020000308                hdma_usart2_rx
                0x000000002000034c                huart1
                0x00000000200003bc                huart2
 COMMON         0x000000002000042c        0x4 build/stm32f0xx_hal.o
                0x000000002000042c                uwTick
                0x0000000020000430                . = ALIGN (0x4)
                0x0000000020000430                _ebss = .
                0x0000000020000430                __bss_end__ = _ebss

._user_heap_stack
                0x0000000020000430      0x600 load address 0x0000000008002f00
                0x0000000020000430                . = ALIGN (0x8)
                [!provide]                        PROVIDE (end = .)
                [!provide]                        PROVIDE (_end = .)
                0x0000000020000630                . = (. + _Min_Heap_Size)
 *fill*         0x0000000020000430      0x200 
                0x0000000020000a30                . = (. + _Min_Stack_Size)
 *fill*         0x0000000020000630      0x400 
                0x0000000020000a30                . = ALIGN (0x8)

/DISCARD/
 libc.a(*)
 libm.a(*)
 libgcc.a(*)

.ARM.attributes
                0x0000000000000000       0x28
 *(.ARM.attributes)
 .ARM.attributes
                0x0000000000000000       0x1e /usr/local/Cellar/arm-gcc-bin/8-2018-q4-major/bin/../lib/gcc/arm-none-eabi/8.2.1/thumb/v6-m/nofp/crti.o
 .ARM.attributes
                0x000000000000001e       0x2c /usr/local/Cellar/arm-gcc-bin/8-2018-q4-major/bin/../lib/gcc/arm-none-eabi/8.2.1/thumb/v6-m/nofp/crtbegin.o
 .ARM.attributes
                0x000000000000004a       0x2c build/main.o
 .ARM.attributes
                0x0000000000000076       0x2c build/gpio.o
 .ARM.attributes
                0x00000000000000a2       0x2c build/dma.o
 .ARM.attributes
                0x00000000000000ce       0x2c build/i2c.o
 .ARM.attributes
                0x00000000000000fa       0x2c build/iwdg.o
 .ARM.attributes
                0x0000000000000126       0x2c build/rtc.o
 .ARM.attributes
                0x0000000000000152       0x2c build/spi.o
 .ARM.attributes
                0x000000000000017e       0x2c build/tim.o
 .ARM.attributes
                0x00000000000001aa       0x2c build/usart.o
 .ARM.attributes
                0x00000000000001d6       0x2c build/stm32f0xx_it.o
 .ARM.attributes
                0x0000000000000202       0x2c build/stm32f0xx_hal_msp.o
 .ARM.attributes
                0x000000000000022e       0x2c build/stm32f0xx_hal_i2c.o
 .ARM.attributes
                0x000000000000025a       0x2c build/stm32f0xx_hal_i2c_ex.o
 .ARM.attributes
                0x0000000000000286       0x2c build/stm32f0xx_hal_iwdg.o
 .ARM.attributes
                0x00000000000002b2       0x2c build/stm32f0xx_hal_rtc.o
 .ARM.attributes
                0x00000000000002de       0x2c build/stm32f0xx_hal_spi.o
 .ARM.attributes
                0x000000000000030a       0x2c build/stm32f0xx_hal_tim.o
 .ARM.attributes
                0x0000000000000336       0x2c build/stm32f0xx_hal_tim_ex.o
 .ARM.attributes
                0x0000000000000362       0x2c build/stm32f0xx_hal_uart.o
 .ARM.attributes
                0x000000000000038e       0x2c build/stm32f0xx_hal_rcc.o
 .ARM.attributes
                0x00000000000003ba       0x2c build/stm32f0xx_hal_rcc_ex.o
 .ARM.attributes
                0x00000000000003e6       0x2c build/stm32f0xx_hal.o
 .ARM.attributes
                0x0000000000000412       0x2c build/stm32f0xx_hal_gpio.o
 .ARM.attributes
                0x000000000000043e       0x2c build/stm32f0xx_hal_dma.o
 .ARM.attributes
                0x000000000000046a       0x2c build/stm32f0xx_hal_cortex.o
 .ARM.attributes
                0x0000000000000496       0x2c build/stm32f0xx_hal_pwr.o
 .ARM.attributes
                0x00000000000004c2       0x2c build/system_stm32f0xx.o
 .ARM.attributes
                0x00000000000004ee       0x21 build/startup_stm32f030xc.o
 .ARM.attributes
                0x000000000000050f       0x2c /usr/local/Cellar/arm-gcc-bin/8-2018-q4-major/bin/../lib/gcc/arm-none-eabi/8.2.1/../../../../arm-none-eabi/lib/thumb/v6-m/nofp/libc_nano.a(lib_a-init.o)
 .ARM.attributes
                0x000000000000053b       0x2c /usr/local/Cellar/arm-gcc-bin/8-2018-q4-major/bin/../lib/gcc/arm-none-eabi/8.2.1/../../../../arm-none-eabi/lib/thumb/v6-m/nofp/libc_nano.a(lib_a-memset.o)
 .ARM.attributes
                0x0000000000000567       0x1e /usr/local/Cellar/arm-gcc-bin/8-2018-q4-major/bin/../lib/gcc/arm-none-eabi/8.2.1/thumb/v6-m/nofp/libgcc.a(_udivsi3.o)
 .ARM.attributes
                0x0000000000000585       0x1e /usr/local/Cellar/arm-gcc-bin/8-2018-q4-major/bin/../lib/gcc/arm-none-eabi/8.2.1/thumb/v6-m/nofp/libgcc.a(_dvmd_tls.o)
 .ARM.attributes
                0x00000000000005a3       0x1e /usr/local/Cellar/arm-gcc-bin/8-2018-q4-major/bin/../lib/gcc/arm-none-eabi/8.2.1/thumb/v6-m/nofp/crtn.o
OUTPUT(build/ZeroPilot-Safety.elf elf32-littlearm)

.debug_info     0x0000000000000000    0x2b0c7
 .debug_info    0x0000000000000000     0x2362 build/main.o
 .debug_info    0x0000000000002362      0xe25 build/gpio.o
 .debug_info    0x0000000000003187      0xcfa build/dma.o
 .debug_info    0x0000000000003e81     0x152a build/i2c.o
 .debug_info    0x00000000000053ab      0xc04 build/iwdg.o
 .debug_info    0x0000000000005faf      0xed4 build/rtc.o
 .debug_info    0x0000000000006e83     0x15e8 build/spi.o
 .debug_info    0x000000000000846b     0x2278 build/tim.o
 .debug_info    0x000000000000a6e3     0x15b4 build/usart.o
 .debug_info    0x000000000000bc97     0x1485 build/stm32f0xx_it.o
 .debug_info    0x000000000000d11c      0xbc4 build/stm32f0xx_hal_msp.o
 .debug_info    0x000000000000dce0     0x51dd build/stm32f0xx_hal_i2c.o
 .debug_info    0x0000000000012ebd     0x130d build/stm32f0xx_hal_i2c_ex.o
 .debug_info    0x00000000000141ca      0xc59 build/stm32f0xx_hal_iwdg.o
 .debug_info    0x0000000000014e23     0x1ca3 build/stm32f0xx_hal_rtc.o
 .debug_info    0x0000000000016ac6     0x2d13 build/stm32f0xx_hal_spi.o
 .debug_info    0x00000000000197d9     0x4c87 build/stm32f0xx_hal_tim.o
 .debug_info    0x000000000001e460     0x1fd3 build/stm32f0xx_hal_tim_ex.o
 .debug_info    0x0000000000020433     0x2744 build/stm32f0xx_hal_uart.o
 .debug_info    0x0000000000022b77     0x141a build/stm32f0xx_hal_rcc.o
 .debug_info    0x0000000000023f91      0xdea build/stm32f0xx_hal_rcc_ex.o
 .debug_info    0x0000000000024d7b     0x10be build/stm32f0xx_hal.o
 .debug_info    0x0000000000025e39     0x10ce build/stm32f0xx_hal_gpio.o
 .debug_info    0x0000000000026f07     0x1379 build/stm32f0xx_hal_dma.o
 .debug_info    0x0000000000028280     0x12ee build/stm32f0xx_hal_cortex.o
 .debug_info    0x000000000002956e      0xf08 build/stm32f0xx_hal_pwr.o
 .debug_info    0x000000000002a476      0xc2f build/system_stm32f0xx.o
 .debug_info    0x000000000002b0a5       0x22 build/startup_stm32f030xc.o

.debug_abbrev   0x0000000000000000     0x5154
 .debug_abbrev  0x0000000000000000      0x2b3 build/main.o
 .debug_abbrev  0x00000000000002b3      0x249 build/gpio.o
 .debug_abbrev  0x00000000000004fc      0x240 build/dma.o
 .debug_abbrev  0x000000000000073c      0x293 build/i2c.o
 .debug_abbrev  0x00000000000009cf      0x22c build/iwdg.o
 .debug_abbrev  0x0000000000000bfb      0x26d build/rtc.o
 .debug_abbrev  0x0000000000000e68      0x2a7 build/spi.o
 .debug_abbrev  0x000000000000110f      0x2df build/tim.o
 .debug_abbrev  0x00000000000013ee      0x293 build/usart.o
 .debug_abbrev  0x0000000000001681      0x265 build/stm32f0xx_it.o
 .debug_abbrev  0x00000000000018e6      0x1e8 build/stm32f0xx_hal_msp.o
 .debug_abbrev  0x0000000000001ace      0x485 build/stm32f0xx_hal_i2c.o
 .debug_abbrev  0x0000000000001f53      0x270 build/stm32f0xx_hal_i2c_ex.o
 .debug_abbrev  0x00000000000021c3      0x255 build/stm32f0xx_hal_iwdg.o
 .debug_abbrev  0x0000000000002418      0x3e4 build/stm32f0xx_hal_rtc.o
 .debug_abbrev  0x00000000000027fc      0x464 build/stm32f0xx_hal_spi.o
 .debug_abbrev  0x0000000000002c60      0x467 build/stm32f0xx_hal_tim.o
 .debug_abbrev  0x00000000000030c7      0x3eb build/stm32f0xx_hal_tim_ex.o
 .debug_abbrev  0x00000000000034b2      0x447 build/stm32f0xx_hal_uart.o
 .debug_abbrev  0x00000000000038f9      0x385 build/stm32f0xx_hal_rcc.o
 .debug_abbrev  0x0000000000003c7e      0x2cb build/stm32f0xx_hal_rcc_ex.o
 .debug_abbrev  0x0000000000003f49      0x33a build/stm32f0xx_hal.o
 .debug_abbrev  0x0000000000004283      0x31c build/stm32f0xx_hal_gpio.o
 .debug_abbrev  0x000000000000459f      0x32d build/stm32f0xx_hal_dma.o
 .debug_abbrev  0x00000000000048cc      0x3b6 build/stm32f0xx_hal_cortex.o
 .debug_abbrev  0x0000000000004c82      0x2a6 build/stm32f0xx_hal_pwr.o
 .debug_abbrev  0x0000000000004f28      0x21a build/system_stm32f0xx.o
 .debug_abbrev  0x0000000000005142       0x12 build/startup_stm32f030xc.o

.debug_loc      0x0000000000000000    0x1622a
 .debug_loc     0x0000000000000000       0x4d build/main.o
 .debug_loc     0x000000000000004d       0x39 build/gpio.o
 .debug_loc     0x0000000000000086       0x2c build/dma.o
 .debug_loc     0x00000000000000b2       0xf7 build/i2c.o
 .debug_loc     0x00000000000001a9       0x20 build/iwdg.o
 .debug_loc     0x00000000000001c9       0x20 build/rtc.o
 .debug_loc     0x00000000000001e9       0xf7 build/spi.o
 .debug_loc     0x00000000000002e0      0x245 build/tim.o
 .debug_loc     0x0000000000000525      0x131 build/usart.o
 .debug_loc     0x0000000000000656       0xa0 build/stm32f0xx_it.o
 .debug_loc     0x00000000000006f6       0x20 build/stm32f0xx_hal_msp.o
 .debug_loc     0x0000000000000716     0x6d01 build/stm32f0xx_hal_i2c.o
 .debug_loc     0x0000000000007417      0x1e2 build/stm32f0xx_hal_i2c_ex.o
 .debug_loc     0x00000000000075f9       0xda build/stm32f0xx_hal_iwdg.o
 .debug_loc     0x00000000000076d3     0x15ff build/stm32f0xx_hal_rtc.o
 .debug_loc     0x0000000000008cd2     0x284a build/stm32f0xx_hal_spi.o
 .debug_loc     0x000000000000b51c     0x5994 build/stm32f0xx_hal_tim.o
 .debug_loc     0x0000000000010eb0     0x129b build/stm32f0xx_hal_tim_ex.o
 .debug_loc     0x000000000001214b     0x1e87 build/stm32f0xx_hal_uart.o
 .debug_loc     0x0000000000013fd2      0x60f build/stm32f0xx_hal_rcc.o
 .debug_loc     0x00000000000145e1      0x361 build/stm32f0xx_hal_rcc_ex.o
 .debug_loc     0x0000000000014942      0x118 build/stm32f0xx_hal.o
 .debug_loc     0x0000000000014a5a      0x5ca build/stm32f0xx_hal_gpio.o
 .debug_loc     0x0000000000015024      0xb77 build/stm32f0xx_hal_dma.o
 .debug_loc     0x0000000000015b9b      0x47f build/stm32f0xx_hal_cortex.o
 .debug_loc     0x000000000001601a       0xd0 build/stm32f0xx_hal_pwr.o
 .debug_loc     0x00000000000160ea      0x140 build/system_stm32f0xx.o

.debug_aranges  0x0000000000000000      0xef0
 .debug_aranges
                0x0000000000000000       0x30 build/main.o
 .debug_aranges
                0x0000000000000030       0x20 build/gpio.o
 .debug_aranges
                0x0000000000000050       0x20 build/dma.o
 .debug_aranges
                0x0000000000000070       0x30 build/i2c.o
 .debug_aranges
                0x00000000000000a0       0x20 build/iwdg.o
 .debug_aranges
                0x00000000000000c0       0x30 build/rtc.o
 .debug_aranges
                0x00000000000000f0       0x30 build/spi.o
 .debug_aranges
                0x0000000000000120       0x60 build/tim.o
 .debug_aranges
                0x0000000000000180       0x38 build/usart.o
 .debug_aranges
                0x00000000000001b8       0x50 build/stm32f0xx_it.o
 .debug_aranges
                0x0000000000000208       0x20 build/stm32f0xx_hal_msp.o
 .debug_aranges
                0x0000000000000228      0x1e8 build/stm32f0xx_hal_i2c.o
 .debug_aranges
                0x0000000000000410       0x38 build/stm32f0xx_hal_i2c_ex.o
 .debug_aranges
                0x0000000000000448       0x28 build/stm32f0xx_hal_iwdg.o
 .debug_aranges
                0x0000000000000470       0xa8 build/stm32f0xx_hal_rtc.o
 .debug_aranges
                0x0000000000000518      0x198 build/stm32f0xx_hal_spi.o
 .debug_aranges
                0x00000000000006b0      0x268 build/stm32f0xx_hal_tim.o
 .debug_aranges
                0x0000000000000918       0xe8 build/stm32f0xx_hal_tim_ex.o
 .debug_aranges
                0x0000000000000a00      0x180 build/stm32f0xx_hal_uart.o
 .debug_aranges
                0x0000000000000b80       0x80 build/stm32f0xx_hal_rcc.o
 .debug_aranges
                0x0000000000000c00       0x30 build/stm32f0xx_hal_rcc_ex.o
 .debug_aranges
                0x0000000000000c30       0xb0 build/stm32f0xx_hal.o
 .debug_aranges
                0x0000000000000ce0       0x58 build/stm32f0xx_hal_gpio.o
 .debug_aranges
                0x0000000000000d38       0x78 build/stm32f0xx_hal_dma.o
 .debug_aranges
                0x0000000000000db0       0x78 build/stm32f0xx_hal_cortex.o
 .debug_aranges
                0x0000000000000e28       0x78 build/stm32f0xx_hal_pwr.o
 .debug_aranges
                0x0000000000000ea0       0x28 build/system_stm32f0xx.o
 .debug_aranges
                0x0000000000000ec8       0x28 build/startup_stm32f030xc.o

.debug_ranges   0x0000000000000000     0x2168
 .debug_ranges  0x0000000000000000       0x20 build/main.o
 .debug_ranges  0x0000000000000020       0xb8 build/gpio.o
 .debug_ranges  0x00000000000000d8       0x40 build/dma.o
 .debug_ranges  0x0000000000000118       0x58 build/i2c.o
 .debug_ranges  0x0000000000000170       0x10 build/iwdg.o
 .debug_ranges  0x0000000000000180       0x20 build/rtc.o
 .debug_ranges  0x00000000000001a0       0xa0 build/spi.o
 .debug_ranges  0x0000000000000240       0xc8 build/tim.o
 .debug_ranges  0x0000000000000308       0xa8 build/usart.o
 .debug_ranges  0x00000000000003b0       0x40 build/stm32f0xx_it.o
 .debug_ranges  0x00000000000003f0       0x48 build/stm32f0xx_hal_msp.o
 .debug_ranges  0x0000000000000438      0x8c8 build/stm32f0xx_hal_i2c.o
 .debug_ranges  0x0000000000000d00       0x68 build/stm32f0xx_hal_i2c_ex.o
 .debug_ranges  0x0000000000000d68       0x18 build/stm32f0xx_hal_iwdg.o
 .debug_ranges  0x0000000000000d80      0x2b0 build/stm32f0xx_hal_rtc.o
 .debug_ranges  0x0000000000001030      0x290 build/stm32f0xx_hal_spi.o
 .debug_ranges  0x00000000000012c0      0x600 build/stm32f0xx_hal_tim.o
 .debug_ranges  0x00000000000018c0      0x190 build/stm32f0xx_hal_tim_ex.o
 .debug_ranges  0x0000000000001a50      0x1b8 build/stm32f0xx_hal_uart.o
 .debug_ranges  0x0000000000001c08       0xc8 build/stm32f0xx_hal_rcc.o
 .debug_ranges  0x0000000000001cd0       0x68 build/stm32f0xx_hal_rcc_ex.o
 .debug_ranges  0x0000000000001d38       0xa0 build/stm32f0xx_hal.o
 .debug_ranges  0x0000000000001dd8       0x88 build/stm32f0xx_hal_gpio.o
 .debug_ranges  0x0000000000001e60      0x118 build/stm32f0xx_hal_dma.o
 .debug_ranges  0x0000000000001f78      0x150 build/stm32f0xx_hal_cortex.o
 .debug_ranges  0x00000000000020c8       0x68 build/stm32f0xx_hal_pwr.o
 .debug_ranges  0x0000000000002130       0x18 build/system_stm32f0xx.o
 .debug_ranges  0x0000000000002148       0x20 build/startup_stm32f030xc.o

.debug_line     0x0000000000000000    0x1564a
 .debug_line    0x0000000000000000      0x49d build/main.o
 .debug_line    0x000000000000049d      0x2a8 build/gpio.o
 .debug_line    0x0000000000000745      0x225 build/dma.o
 .debug_line    0x000000000000096a      0x44c build/i2c.o
 .debug_line    0x0000000000000db6      0x26e build/iwdg.o
 .debug_line    0x0000000000001024      0x2d5 build/rtc.o
 .debug_line    0x00000000000012f9      0x470 build/spi.o
 .debug_line    0x0000000000001769      0xc8f build/tim.o
 .debug_line    0x00000000000023f8      0x4cd build/usart.o
 .debug_line    0x00000000000028c5      0x31c build/stm32f0xx_it.o
 .debug_line    0x0000000000002be1      0x1f0 build/stm32f0xx_hal_msp.o
 .debug_line    0x0000000000002dd1     0x49f9 build/stm32f0xx_hal_i2c.o
 .debug_line    0x00000000000077ca      0x441 build/stm32f0xx_hal_i2c_ex.o
 .debug_line    0x0000000000007c0b      0x306 build/stm32f0xx_hal_iwdg.o
 .debug_line    0x0000000000007f11     0x14c1 build/stm32f0xx_hal_rtc.o
 .debug_line    0x00000000000093d2     0x28f1 build/stm32f0xx_hal_spi.o
 .debug_line    0x000000000000bcc3     0x35b9 build/stm32f0xx_hal_tim.o
 .debug_line    0x000000000000f27c      0xec9 build/stm32f0xx_hal_tim_ex.o
 .debug_line    0x0000000000010145     0x1f2a build/stm32f0xx_hal_uart.o
 .debug_line    0x000000000001206f      0xc79 build/stm32f0xx_hal_rcc.o
 .debug_line    0x0000000000012ce8      0x53e build/stm32f0xx_hal_rcc_ex.o
 .debug_line    0x0000000000013226      0x50a build/stm32f0xx_hal.o
 .debug_line    0x0000000000013730      0x685 build/stm32f0xx_hal_gpio.o
 .debug_line    0x0000000000013db5      0xb62 build/stm32f0xx_hal_dma.o
 .debug_line    0x0000000000014917      0x581 build/stm32f0xx_hal_cortex.o
 .debug_line    0x0000000000014e98      0x478 build/stm32f0xx_hal_pwr.o
 .debug_line    0x0000000000015310      0x2c2 build/system_stm32f0xx.o
 .debug_line    0x00000000000155d2       0x78 build/startup_stm32f030xc.o

.debug_str      0x0000000000000000     0x4d79
 .debug_str     0x0000000000000000     0x14a9 build/main.o
                                       0x15af (size before relaxing)
 .debug_str     0x00000000000014a9       0xb4 build/gpio.o
                                        0x70a (size before relaxing)
 .debug_str     0x000000000000155d      0x1d0 build/dma.o
                                        0x7f4 (size before relaxing)
 .debug_str     0x000000000000172d       0xbc build/i2c.o
                                        0xc51 (size before relaxing)
 .debug_str     0x00000000000017e9       0x1e build/iwdg.o
                                        0x67f (size before relaxing)
 .debug_str     0x0000000000001807       0x48 build/rtc.o
                                        0x81b (size before relaxing)
 .debug_str     0x000000000000184f       0x69 build/spi.o
                                        0xd2f (size before relaxing)
 .debug_str     0x00000000000018b8      0x2df build/tim.o
                                       0x1023 (size before relaxing)
 .debug_str     0x0000000000001b97       0x5d build/usart.o
                                        0xc15 (size before relaxing)
 .debug_str     0x0000000000001bf4       0xfd build/stm32f0xx_it.o
                                        0xcb8 (size before relaxing)
 .debug_str     0x0000000000001cf1       0x29 build/stm32f0xx_hal_msp.o
                                        0x641 (size before relaxing)
 .debug_str     0x0000000000001d1a      0x7c5 build/stm32f0xx_hal_i2c.o
                                       0x12b5 (size before relaxing)
 .debug_str     0x00000000000024df       0xab build/stm32f0xx_hal_i2c_ex.o
                                        0xbec (size before relaxing)
 .debug_str     0x000000000000258a       0x47 build/stm32f0xx_hal_iwdg.o
                                        0x6c9 (size before relaxing)
 .debug_str     0x00000000000025d1      0x2a5 build/stm32f0xx_hal_rtc.o
                                        0xa9f (size before relaxing)
 .debug_str     0x0000000000002876      0x503 build/stm32f0xx_hal_spi.o
                                        0xf99 (size before relaxing)
 .debug_str     0x0000000000002d79      0xbf4 build/stm32f0xx_hal_tim.o
                                       0x17cd (size before relaxing)
 .debug_str     0x000000000000396d      0x3f4 build/stm32f0xx_hal_tim_ex.o
                                       0x103f (size before relaxing)
 .debug_str     0x0000000000003d61      0x5e4 build/stm32f0xx_hal_uart.o
                                       0x11a0 (size before relaxing)
 .debug_str     0x0000000000004345      0x18f build/stm32f0xx_hal_rcc.o
                                        0xa1b (size before relaxing)
 .debug_str     0x00000000000044d4       0x94 build/stm32f0xx_hal_rcc_ex.o
                                        0x7e2 (size before relaxing)
 .debug_str     0x0000000000004568      0x1af build/stm32f0xx_hal.o
                                        0xa2d (size before relaxing)
 .debug_str     0x0000000000004717       0xd5 build/stm32f0xx_hal_gpio.o
                                        0x842 (size before relaxing)
 .debug_str     0x00000000000047ec      0x1e5 build/stm32f0xx_hal_dma.o
                                        0xa61 (size before relaxing)
 .debug_str     0x00000000000049d1      0x1b0 build/stm32f0xx_hal_cortex.o
                                        0xa35 (size before relaxing)
 .debug_str     0x0000000000004b81      0x177 build/stm32f0xx_hal_pwr.o
                                        0x7e8 (size before relaxing)
 .debug_str     0x0000000000004cf8       0x5c build/system_stm32f0xx.o
                                        0x66d (size before relaxing)
 .debug_str     0x0000000000004d54       0x25 build/startup_stm32f030xc.o
                                         0x72 (size before relaxing)

.comment        0x0000000000000000       0x75
 .comment       0x0000000000000000       0x75 build/main.o
                                         0x76 (size before relaxing)
 .comment       0x0000000000000075       0x76 build/gpio.o
 .comment       0x0000000000000075       0x76 build/dma.o
 .comment       0x0000000000000075       0x76 build/i2c.o
 .comment       0x0000000000000075       0x76 build/iwdg.o
 .comment       0x0000000000000075       0x76 build/rtc.o
 .comment       0x0000000000000075       0x76 build/spi.o
 .comment       0x0000000000000075       0x76 build/tim.o
 .comment       0x0000000000000075       0x76 build/usart.o
 .comment       0x0000000000000075       0x76 build/stm32f0xx_it.o
 .comment       0x0000000000000075       0x76 build/stm32f0xx_hal_msp.o
 .comment       0x0000000000000075       0x76 build/stm32f0xx_hal_i2c.o
 .comment       0x0000000000000075       0x76 build/stm32f0xx_hal_i2c_ex.o
 .comment       0x0000000000000075       0x76 build/stm32f0xx_hal_iwdg.o
 .comment       0x0000000000000075       0x76 build/stm32f0xx_hal_rtc.o
 .comment       0x0000000000000075       0x76 build/stm32f0xx_hal_spi.o
 .comment       0x0000000000000075       0x76 build/stm32f0xx_hal_tim.o
 .comment       0x0000000000000075       0x76 build/stm32f0xx_hal_tim_ex.o
 .comment       0x0000000000000075       0x76 build/stm32f0xx_hal_uart.o
 .comment       0x0000000000000075       0x76 build/stm32f0xx_hal_rcc.o
 .comment       0x0000000000000075       0x76 build/stm32f0xx_hal_rcc_ex.o
 .comment       0x0000000000000075       0x76 build/stm32f0xx_hal.o
 .comment       0x0000000000000075       0x76 build/stm32f0xx_hal_gpio.o
 .comment       0x0000000000000075       0x76 build/stm32f0xx_hal_dma.o
 .comment       0x0000000000000075       0x76 build/stm32f0xx_hal_cortex.o
 .comment       0x0000000000000075       0x76 build/stm32f0xx_hal_pwr.o
 .comment       0x0000000000000075       0x76 build/system_stm32f0xx.o

.debug_frame    0x0000000000000000     0x32c0
 .debug_frame   0x0000000000000000       0x60 build/main.o
 .debug_frame   0x0000000000000060       0x3c build/gpio.o
 .debug_frame   0x000000000000009c       0x2c build/dma.o
 .debug_frame   0x00000000000000c8       0x68 build/i2c.o
 .debug_frame   0x0000000000000130       0x2c build/iwdg.o
 .debug_frame   0x000000000000015c       0x4c build/rtc.o
 .debug_frame   0x00000000000001a8       0x6c build/spi.o
 .debug_frame   0x0000000000000214      0x10c build/tim.o
 .debug_frame   0x0000000000000320       0x84 build/usart.o
 .debug_frame   0x00000000000003a4       0xdc build/stm32f0xx_it.o
 .debug_frame   0x0000000000000480       0x24 build/stm32f0xx_hal_msp.o
 .debug_frame   0x00000000000004a4      0x8fc build/stm32f0xx_hal_i2c.o
 .debug_frame   0x0000000000000da0       0x88 build/stm32f0xx_hal_i2c_ex.o
 .debug_frame   0x0000000000000e28       0x40 build/stm32f0xx_hal_iwdg.o
 .debug_frame   0x0000000000000e68      0x2a4 build/stm32f0xx_hal_rtc.o
 .debug_frame   0x000000000000110c      0x690 build/stm32f0xx_hal_spi.o
 .debug_frame   0x000000000000179c      0x9d4 build/stm32f0xx_hal_tim.o
 .debug_frame   0x0000000000002170      0x37c build/stm32f0xx_hal_tim_ex.o
 .debug_frame   0x00000000000024ec      0x5ac build/stm32f0xx_hal_uart.o
 .debug_frame   0x0000000000002a98      0x160 build/stm32f0xx_hal_rcc.o
 .debug_frame   0x0000000000002bf8       0x6c build/stm32f0xx_hal_rcc_ex.o
 .debug_frame   0x0000000000002c64      0x184 build/stm32f0xx_hal.o
 .debug_frame   0x0000000000002de8       0xe8 build/stm32f0xx_hal_gpio.o
 .debug_frame   0x0000000000002ed0      0x178 build/stm32f0xx_hal_dma.o
 .debug_frame   0x0000000000003048       0xf4 build/stm32f0xx_hal_cortex.o
 .debug_frame   0x000000000000313c       0xdc build/stm32f0xx_hal_pwr.o
 .debug_frame   0x0000000000003218       0x3c build/system_stm32f0xx.o
 .debug_frame   0x0000000000003254       0x2c /usr/local/Cellar/arm-gcc-bin/8-2018-q4-major/bin/../lib/gcc/arm-none-eabi/8.2.1/../../../../arm-none-eabi/lib/thumb/v6-m/nofp/libc_nano.a(lib_a-init.o)
 .debug_frame   0x0000000000003280       0x20 /usr/local/Cellar/arm-gcc-bin/8-2018-q4-major/bin/../lib/gcc/arm-none-eabi/8.2.1/../../../../arm-none-eabi/lib/thumb/v6-m/nofp/libc_nano.a(lib_a-memset.o)
 .debug_frame   0x00000000000032a0       0x20 /usr/local/Cellar/arm-gcc-bin/8-2018-q4-major/bin/../lib/gcc/arm-none-eabi/8.2.1/thumb/v6-m/nofp/libgcc.a(_udivsi3.o)

Cross Reference Table

Symbol                                            File
ADC1_IRQHandler                                   build/startup_stm32f030xc.o
AHBPrescTable                                     build/system_stm32f0xx.o
                                                  build/stm32f0xx_hal_rcc.o
APBPrescTable                                     build/system_stm32f0xx.o
                                                  build/stm32f0xx_hal_rcc.o
DMA1_Channel1_IRQHandler                          build/startup_stm32f030xc.o
DMA1_Channel2_3_IRQHandler                        build/stm32f0xx_it.o
DMA1_Channel4_5_IRQHandler                        build/stm32f0xx_it.o
Default_Handler                                   build/startup_stm32f030xc.o
EXTI0_1_IRQHandler                                build/startup_stm32f030xc.o
EXTI2_3_IRQHandler                                build/startup_stm32f030xc.o
EXTI4_15_IRQHandler                               build/startup_stm32f030xc.o
Error_Handler                                     build/main.o
                                                  build/usart.o
                                                  build/tim.o
                                                  build/spi.o
                                                  build/rtc.o
                                                  build/iwdg.o
                                                  build/i2c.o
FLASH_IRQHandler                                  build/startup_stm32f030xc.o
FLASH_PageErase                                   build/stm32f0xx_hal_flash_ex.o
                                                  build/stm32f0xx_hal_flash.o
FLASH_WaitForLastOperation                        build/stm32f0xx_hal_flash.o
                                                  build/stm32f0xx_hal_flash_ex.o
HAL_DBGMCU_DisableDBGStandbyMode                  build/stm32f0xx_hal.o
HAL_DBGMCU_DisableDBGStopMode                     build/stm32f0xx_hal.o
HAL_DBGMCU_EnableDBGStandbyMode                   build/stm32f0xx_hal.o
HAL_DBGMCU_EnableDBGStopMode                      build/stm32f0xx_hal.o
HAL_DMA_Abort                                     build/stm32f0xx_hal_dma.o
                                                  build/stm32f0xx_hal_uart.o
                                                  build/stm32f0xx_hal_tim.o
                                                  build/stm32f0xx_hal_spi.o
HAL_DMA_Abort_IT                                  build/stm32f0xx_hal_dma.o
                                                  build/stm32f0xx_hal_uart.o
                                                  build/stm32f0xx_hal_spi.o
                                                  build/stm32f0xx_hal_i2c.o
HAL_DMA_DeInit                                    build/stm32f0xx_hal_dma.o
                                                  build/usart.o
                                                  build/spi.o
                                                  build/i2c.o
HAL_DMA_GetError                                  build/stm32f0xx_hal_dma.o
HAL_DMA_GetState                                  build/stm32f0xx_hal_dma.o
HAL_DMA_IRQHandler                                build/stm32f0xx_hal_dma.o
                                                  build/stm32f0xx_it.o
HAL_DMA_Init                                      build/stm32f0xx_hal_dma.o
                                                  build/usart.o
                                                  build/spi.o
                                                  build/i2c.o
HAL_DMA_PollForTransfer                           build/stm32f0xx_hal_dma.o
HAL_DMA_RegisterCallback                          build/stm32f0xx_hal_dma.o
HAL_DMA_Start                                     build/stm32f0xx_hal_dma.o
HAL_DMA_Start_IT                                  build/stm32f0xx_hal_dma.o
                                                  build/stm32f0xx_hal_uart.o
                                                  build/stm32f0xx_hal_tim_ex.o
                                                  build/stm32f0xx_hal_tim.o
                                                  build/stm32f0xx_hal_spi.o
                                                  build/stm32f0xx_hal_i2c.o
HAL_DMA_UnRegisterCallback                        build/stm32f0xx_hal_dma.o
HAL_DeInit                                        build/stm32f0xx_hal.o
HAL_Delay                                         build/stm32f0xx_hal.o
HAL_FLASHEx_Erase                                 build/stm32f0xx_hal_flash_ex.o
HAL_FLASHEx_Erase_IT                              build/stm32f0xx_hal_flash_ex.o
HAL_FLASHEx_OBErase                               build/stm32f0xx_hal_flash_ex.o
HAL_FLASHEx_OBGetConfig                           build/stm32f0xx_hal_flash_ex.o
HAL_FLASHEx_OBGetUserData                         build/stm32f0xx_hal_flash_ex.o
HAL_FLASHEx_OBProgram                             build/stm32f0xx_hal_flash_ex.o
HAL_FLASH_EndOfOperationCallback                  build/stm32f0xx_hal_flash.o
HAL_FLASH_GetError                                build/stm32f0xx_hal_flash.o
HAL_FLASH_IRQHandler                              build/stm32f0xx_hal_flash.o
HAL_FLASH_Lock                                    build/stm32f0xx_hal_flash.o
HAL_FLASH_OB_Launch                               build/stm32f0xx_hal_flash.o
HAL_FLASH_OB_Lock                                 build/stm32f0xx_hal_flash.o
HAL_FLASH_OB_Unlock                               build/stm32f0xx_hal_flash.o
HAL_FLASH_OperationErrorCallback                  build/stm32f0xx_hal_flash.o
HAL_FLASH_Program                                 build/stm32f0xx_hal_flash.o
HAL_FLASH_Program_IT                              build/stm32f0xx_hal_flash.o
HAL_FLASH_Unlock                                  build/stm32f0xx_hal_flash.o
HAL_GPIO_DeInit                                   build/stm32f0xx_hal_gpio.o
                                                  build/usart.o
                                                  build/tim.o
                                                  build/spi.o
                                                  build/i2c.o
HAL_GPIO_EXTI_Callback                            build/stm32f0xx_hal_gpio.o
HAL_GPIO_EXTI_IRQHandler                          build/stm32f0xx_hal_gpio.o
HAL_GPIO_Init                                     build/stm32f0xx_hal_gpio.o
                                                  build/stm32f0xx_hal_rcc.o
                                                  build/usart.o
                                                  build/tim.o
                                                  build/spi.o
                                                  build/i2c.o
                                                  build/gpio.o
HAL_GPIO_LockPin                                  build/stm32f0xx_hal_gpio.o
HAL_GPIO_ReadPin                                  build/stm32f0xx_hal_gpio.o
HAL_GPIO_TogglePin                                build/stm32f0xx_hal_gpio.o
HAL_GPIO_WritePin                                 build/stm32f0xx_hal_gpio.o
                                                  build/gpio.o
HAL_GetDEVID                                      build/stm32f0xx_hal.o
HAL_GetHalVersion                                 build/stm32f0xx_hal.o
HAL_GetREVID                                      build/stm32f0xx_hal.o
HAL_GetTick                                       build/stm32f0xx_hal.o
                                                  build/stm32f0xx_hal_flash.o
                                                  build/stm32f0xx_hal_dma.o
                                                  build/stm32f0xx_hal_rcc_ex.o
                                                  build/stm32f0xx_hal_rcc.o
                                                  build/stm32f0xx_hal_uart.o
                                                  build/stm32f0xx_hal_spi.o
                                                  build/stm32f0xx_hal_rtc_ex.o
                                                  build/stm32f0xx_hal_rtc.o
                                                  build/stm32f0xx_hal_iwdg.o
                                                  build/stm32f0xx_hal_i2c.o
HAL_GetUIDw0                                      build/stm32f0xx_hal.o
HAL_GetUIDw1                                      build/stm32f0xx_hal.o
HAL_GetUIDw2                                      build/stm32f0xx_hal.o
HAL_HalfDuplex_EnableReceiver                     build/stm32f0xx_hal_uart.o
HAL_HalfDuplex_EnableTransmitter                  build/stm32f0xx_hal_uart.o
HAL_HalfDuplex_Init                               build/stm32f0xx_hal_uart.o
HAL_I2CEx_ConfigAnalogFilter                      build/stm32f0xx_hal_i2c_ex.o
                                                  build/i2c.o
HAL_I2CEx_ConfigDigitalFilter                     build/stm32f0xx_hal_i2c_ex.o
                                                  build/i2c.o
HAL_I2CEx_DisableFastModePlus                     build/stm32f0xx_hal_i2c_ex.o
HAL_I2CEx_EnableFastModePlus                      build/stm32f0xx_hal_i2c_ex.o
HAL_I2C_AbortCpltCallback                         build/stm32f0xx_hal_i2c.o
HAL_I2C_AddrCallback                              build/stm32f0xx_hal_i2c.o
HAL_I2C_DeInit                                    build/stm32f0xx_hal_i2c.o
HAL_I2C_DisableListen_IT                          build/stm32f0xx_hal_i2c.o
HAL_I2C_ER_IRQHandler                             build/stm32f0xx_hal_i2c.o
HAL_I2C_EV_IRQHandler                             build/stm32f0xx_hal_i2c.o
HAL_I2C_EnableListen_IT                           build/stm32f0xx_hal_i2c.o
HAL_I2C_ErrorCallback                             build/stm32f0xx_hal_i2c.o
HAL_I2C_GetError                                  build/stm32f0xx_hal_i2c.o
HAL_I2C_GetMode                                   build/stm32f0xx_hal_i2c.o
HAL_I2C_GetState                                  build/stm32f0xx_hal_i2c.o
HAL_I2C_Init                                      build/stm32f0xx_hal_i2c.o
                                                  build/i2c.o
HAL_I2C_IsDeviceReady                             build/stm32f0xx_hal_i2c.o
HAL_I2C_ListenCpltCallback                        build/stm32f0xx_hal_i2c.o
HAL_I2C_MasterRxCpltCallback                      build/stm32f0xx_hal_i2c.o
HAL_I2C_MasterTxCpltCallback                      build/stm32f0xx_hal_i2c.o
HAL_I2C_Master_Abort_IT                           build/stm32f0xx_hal_i2c.o
HAL_I2C_Master_Receive                            build/stm32f0xx_hal_i2c.o
HAL_I2C_Master_Receive_DMA                        build/stm32f0xx_hal_i2c.o
HAL_I2C_Master_Receive_IT                         build/stm32f0xx_hal_i2c.o
HAL_I2C_Master_Sequential_Receive_IT              build/stm32f0xx_hal_i2c.o
HAL_I2C_Master_Sequential_Transmit_IT             build/stm32f0xx_hal_i2c.o
HAL_I2C_Master_Transmit                           build/stm32f0xx_hal_i2c.o
HAL_I2C_Master_Transmit_DMA                       build/stm32f0xx_hal_i2c.o
HAL_I2C_Master_Transmit_IT                        build/stm32f0xx_hal_i2c.o
HAL_I2C_MemRxCpltCallback                         build/stm32f0xx_hal_i2c.o
HAL_I2C_MemTxCpltCallback                         build/stm32f0xx_hal_i2c.o
HAL_I2C_Mem_Read                                  build/stm32f0xx_hal_i2c.o
HAL_I2C_Mem_Read_DMA                              build/stm32f0xx_hal_i2c.o
HAL_I2C_Mem_Read_IT                               build/stm32f0xx_hal_i2c.o
HAL_I2C_Mem_Write                                 build/stm32f0xx_hal_i2c.o
HAL_I2C_Mem_Write_DMA                             build/stm32f0xx_hal_i2c.o
HAL_I2C_Mem_Write_IT                              build/stm32f0xx_hal_i2c.o
HAL_I2C_MspDeInit                                 build/i2c.o
HAL_I2C_MspInit                                   build/i2c.o
HAL_I2C_SlaveRxCpltCallback                       build/stm32f0xx_hal_i2c.o
HAL_I2C_SlaveTxCpltCallback                       build/stm32f0xx_hal_i2c.o
HAL_I2C_Slave_Receive                             build/stm32f0xx_hal_i2c.o
HAL_I2C_Slave_Receive_DMA                         build/stm32f0xx_hal_i2c.o
HAL_I2C_Slave_Receive_IT                          build/stm32f0xx_hal_i2c.o
HAL_I2C_Slave_Sequential_Receive_IT               build/stm32f0xx_hal_i2c.o
HAL_I2C_Slave_Sequential_Transmit_IT              build/stm32f0xx_hal_i2c.o
HAL_I2C_Slave_Transmit                            build/stm32f0xx_hal_i2c.o
HAL_I2C_Slave_Transmit_DMA                        build/stm32f0xx_hal_i2c.o
HAL_I2C_Slave_Transmit_IT                         build/stm32f0xx_hal_i2c.o
HAL_IWDG_Init                                     build/stm32f0xx_hal_iwdg.o
                                                  build/iwdg.o
HAL_IWDG_Refresh                                  build/stm32f0xx_hal_iwdg.o
HAL_IncTick                                       build/stm32f0xx_hal.o
                                                  build/stm32f0xx_it.o
HAL_Init                                          build/stm32f0xx_hal.o
                                                  build/main.o
HAL_InitTick                                      build/stm32f0xx_hal.o
                                                  build/stm32f0xx_hal_rcc.o
HAL_MspDeInit                                     build/stm32f0xx_hal.o
HAL_MspInit                                       build/stm32f0xx_hal_msp.o
HAL_MultiProcessorEx_AddressLength_Set            build/stm32f0xx_hal_uart_ex.o
HAL_MultiProcessor_DisableMuteMode                build/stm32f0xx_hal_uart.o
HAL_MultiProcessor_EnableMuteMode                 build/stm32f0xx_hal_uart.o
HAL_MultiProcessor_EnterMuteMode                  build/stm32f0xx_hal_uart.o
HAL_MultiProcessor_Init                           build/stm32f0xx_hal_uart.o
HAL_NVIC_ClearPendingIRQ                          build/stm32f0xx_hal_cortex.o
HAL_NVIC_DisableIRQ                               build/stm32f0xx_hal_cortex.o
                                                  build/tim.o
                                                  build/spi.o
HAL_NVIC_EnableIRQ                                build/stm32f0xx_hal_cortex.o
                                                  build/tim.o
                                                  build/spi.o
                                                  build/dma.o
HAL_NVIC_GetPendingIRQ                            build/stm32f0xx_hal_cortex.o
HAL_NVIC_GetPriority                              build/stm32f0xx_hal_cortex.o
HAL_NVIC_SetPendingIRQ                            build/stm32f0xx_hal_cortex.o
HAL_NVIC_SetPriority                              build/stm32f0xx_hal_cortex.o
                                                  build/stm32f0xx_hal.o
                                                  build/tim.o
                                                  build/spi.o
                                                  build/dma.o
HAL_NVIC_SystemReset                              build/stm32f0xx_hal_cortex.o
HAL_PWR_DeInit                                    build/stm32f0xx_hal_pwr.o
HAL_PWR_DisableBkUpAccess                         build/stm32f0xx_hal_pwr.o
HAL_PWR_DisableSEVOnPend                          build/stm32f0xx_hal_pwr.o
HAL_PWR_DisableSleepOnExit                        build/stm32f0xx_hal_pwr.o
HAL_PWR_DisableWakeUpPin                          build/stm32f0xx_hal_pwr.o
HAL_PWR_EnableBkUpAccess                          build/stm32f0xx_hal_pwr.o
                                                  build/main.o
HAL_PWR_EnableSEVOnPend                           build/stm32f0xx_hal_pwr.o
HAL_PWR_EnableSleepOnExit                         build/stm32f0xx_hal_pwr.o
HAL_PWR_EnableWakeUpPin                           build/stm32f0xx_hal_pwr.o
HAL_PWR_EnterSLEEPMode                            build/stm32f0xx_hal_pwr.o
HAL_PWR_EnterSTANDBYMode                          build/stm32f0xx_hal_pwr.o
HAL_PWR_EnterSTOPMode                             build/stm32f0xx_hal_pwr.o
HAL_RCCEx_GetPeriphCLKConfig                      build/stm32f0xx_hal_rcc_ex.o
HAL_RCCEx_GetPeriphCLKFreq                        build/stm32f0xx_hal_rcc_ex.o
HAL_RCCEx_PeriphCLKConfig                         build/stm32f0xx_hal_rcc_ex.o
                                                  build/main.o
HAL_RCC_CSSCallback                               build/stm32f0xx_hal_rcc.o
HAL_RCC_ClockConfig                               build/stm32f0xx_hal_rcc.o
                                                  build/main.o
HAL_RCC_DeInit                                    build/stm32f0xx_hal_rcc.o
HAL_RCC_DisableCSS                                build/stm32f0xx_hal_rcc.o
HAL_RCC_EnableCSS                                 build/stm32f0xx_hal_rcc.o
HAL_RCC_GetClockConfig                            build/stm32f0xx_hal_rcc.o
HAL_RCC_GetHCLKFreq                               build/stm32f0xx_hal_rcc.o
                                                  build/stm32f0xx_hal.o
HAL_RCC_GetOscConfig                              build/stm32f0xx_hal_rcc.o
HAL_RCC_GetPCLK1Freq                              build/stm32f0xx_hal_rcc.o
                                                  build/stm32f0xx_hal_rcc_ex.o
                                                  build/stm32f0xx_hal_uart.o
HAL_RCC_GetSysClockFreq                           build/stm32f0xx_hal_rcc.o
                                                  build/stm32f0xx_hal_rcc_ex.o
                                                  build/stm32f0xx_hal_uart.o
HAL_RCC_MCOConfig                                 build/stm32f0xx_hal_rcc.o
                                                  build/main.o
HAL_RCC_NMI_IRQHandler                            build/stm32f0xx_hal_rcc.o
HAL_RCC_OscConfig                                 build/stm32f0xx_hal_rcc.o
                                                  build/main.o
HAL_RS485Ex_Init                                  build/stm32f0xx_hal_uart_ex.o
HAL_RTCEx_DeactivateCalibrationOutPut             build/stm32f0xx_hal_rtc_ex.o
HAL_RTCEx_DeactivateRefClock                      build/stm32f0xx_hal_rtc_ex.o
HAL_RTCEx_DeactivateTamper                        build/stm32f0xx_hal_rtc_ex.o
HAL_RTCEx_DeactivateTimeStamp                     build/stm32f0xx_hal_rtc_ex.o
HAL_RTCEx_DeactivateWakeUpTimer                   build/stm32f0xx_hal_rtc_ex.o
HAL_RTCEx_DisableBypassShadow                     build/stm32f0xx_hal_rtc_ex.o
HAL_RTCEx_EnableBypassShadow                      build/stm32f0xx_hal_rtc_ex.o
HAL_RTCEx_GetTimeStamp                            build/stm32f0xx_hal_rtc_ex.o
HAL_RTCEx_GetWakeUpTimer                          build/stm32f0xx_hal_rtc_ex.o
HAL_RTCEx_PollForTamper1Event                     build/stm32f0xx_hal_rtc_ex.o
HAL_RTCEx_PollForTamper2Event                     build/stm32f0xx_hal_rtc_ex.o
HAL_RTCEx_PollForTimeStampEvent                   build/stm32f0xx_hal_rtc_ex.o
HAL_RTCEx_PollForWakeUpTimerEvent                 build/stm32f0xx_hal_rtc_ex.o
HAL_RTCEx_SetCalibrationOutPut                    build/stm32f0xx_hal_rtc_ex.o
HAL_RTCEx_SetRefClock                             build/stm32f0xx_hal_rtc_ex.o
HAL_RTCEx_SetSmoothCalib                          build/stm32f0xx_hal_rtc_ex.o
HAL_RTCEx_SetSynchroShift                         build/stm32f0xx_hal_rtc_ex.o
HAL_RTCEx_SetTamper                               build/stm32f0xx_hal_rtc_ex.o
HAL_RTCEx_SetTamper_IT                            build/stm32f0xx_hal_rtc_ex.o
HAL_RTCEx_SetTimeStamp                            build/stm32f0xx_hal_rtc_ex.o
HAL_RTCEx_SetTimeStamp_IT                         build/stm32f0xx_hal_rtc_ex.o
HAL_RTCEx_SetWakeUpTimer                          build/stm32f0xx_hal_rtc_ex.o
HAL_RTCEx_SetWakeUpTimer_IT                       build/stm32f0xx_hal_rtc_ex.o
HAL_RTCEx_Tamper1EventCallback                    build/stm32f0xx_hal_rtc_ex.o
HAL_RTCEx_Tamper2EventCallback                    build/stm32f0xx_hal_rtc_ex.o
HAL_RTCEx_TamperTimeStampIRQHandler               build/stm32f0xx_hal_rtc_ex.o
HAL_RTCEx_TimeStampEventCallback                  build/stm32f0xx_hal_rtc_ex.o
HAL_RTCEx_WakeUpTimerEventCallback                build/stm32f0xx_hal_rtc_ex.o
HAL_RTCEx_WakeUpTimerIRQHandler                   build/stm32f0xx_hal_rtc_ex.o
HAL_RTC_AlarmAEventCallback                       build/stm32f0xx_hal_rtc.o
HAL_RTC_AlarmIRQHandler                           build/stm32f0xx_hal_rtc.o
HAL_RTC_DeInit                                    build/stm32f0xx_hal_rtc.o
HAL_RTC_DeactivateAlarm                           build/stm32f0xx_hal_rtc.o
HAL_RTC_GetAlarm                                  build/stm32f0xx_hal_rtc.o
HAL_RTC_GetDate                                   build/stm32f0xx_hal_rtc.o
HAL_RTC_GetState                                  build/stm32f0xx_hal_rtc.o
HAL_RTC_GetTime                                   build/stm32f0xx_hal_rtc.o
HAL_RTC_Init                                      build/stm32f0xx_hal_rtc.o
                                                  build/rtc.o
HAL_RTC_MspDeInit                                 build/rtc.o
HAL_RTC_MspInit                                   build/rtc.o
HAL_RTC_PollForAlarmAEvent                        build/stm32f0xx_hal_rtc.o
HAL_RTC_SetAlarm                                  build/stm32f0xx_hal_rtc.o
HAL_RTC_SetAlarm_IT                               build/stm32f0xx_hal_rtc.o
HAL_RTC_SetDate                                   build/stm32f0xx_hal_rtc.o
HAL_RTC_SetTime                                   build/stm32f0xx_hal_rtc.o
HAL_RTC_WaitForSynchro                            build/stm32f0xx_hal_rtc.o
                                                  build/stm32f0xx_hal_rtc_ex.o
HAL_ResumeTick                                    build/stm32f0xx_hal.o
HAL_SPIEx_FlushRxFifo                             build/stm32f0xx_hal_spi_ex.o
HAL_SPI_Abort                                     build/stm32f0xx_hal_spi.o
HAL_SPI_AbortCpltCallback                         build/stm32f0xx_hal_spi.o
HAL_SPI_Abort_IT                                  build/stm32f0xx_hal_spi.o
HAL_SPI_DMAPause                                  build/stm32f0xx_hal_spi.o
HAL_SPI_DMAResume                                 build/stm32f0xx_hal_spi.o
HAL_SPI_DMAStop                                   build/stm32f0xx_hal_spi.o
HAL_SPI_DeInit                                    build/stm32f0xx_hal_spi.o
HAL_SPI_ErrorCallback                             build/stm32f0xx_hal_spi.o
HAL_SPI_GetError                                  build/stm32f0xx_hal_spi.o
HAL_SPI_GetState                                  build/stm32f0xx_hal_spi.o
HAL_SPI_IRQHandler                                build/stm32f0xx_hal_spi.o
                                                  build/stm32f0xx_it.o
HAL_SPI_Init                                      build/stm32f0xx_hal_spi.o
                                                  build/spi.o
HAL_SPI_MspDeInit                                 build/spi.o
HAL_SPI_MspInit                                   build/spi.o
HAL_SPI_Receive                                   build/stm32f0xx_hal_spi.o
HAL_SPI_Receive_DMA                               build/stm32f0xx_hal_spi.o
HAL_SPI_Receive_IT                                build/stm32f0xx_hal_spi.o
HAL_SPI_RxCpltCallback                            build/stm32f0xx_hal_spi.o
HAL_SPI_RxHalfCpltCallback                        build/stm32f0xx_hal_spi.o
HAL_SPI_Transmit                                  build/stm32f0xx_hal_spi.o
HAL_SPI_TransmitReceive                           build/stm32f0xx_hal_spi.o
HAL_SPI_TransmitReceive_DMA                       build/stm32f0xx_hal_spi.o
HAL_SPI_TransmitReceive_IT                        build/stm32f0xx_hal_spi.o
HAL_SPI_Transmit_DMA                              build/stm32f0xx_hal_spi.o
HAL_SPI_Transmit_IT                               build/stm32f0xx_hal_spi.o
HAL_SPI_TxCpltCallback                            build/stm32f0xx_hal_spi.o
HAL_SPI_TxHalfCpltCallback                        build/stm32f0xx_hal_spi.o
HAL_SPI_TxRxCpltCallback                          build/stm32f0xx_hal_spi.o
HAL_SPI_TxRxHalfCpltCallback                      build/stm32f0xx_hal_spi.o
HAL_SYSTICK_CLKSourceConfig                       build/stm32f0xx_hal_cortex.o
HAL_SYSTICK_Callback                              build/stm32f0xx_hal_cortex.o
HAL_SYSTICK_Config                                build/stm32f0xx_hal_cortex.o
                                                  build/stm32f0xx_hal.o
HAL_SYSTICK_IRQHandler                            build/stm32f0xx_hal_cortex.o
HAL_SuspendTick                                   build/stm32f0xx_hal.o
HAL_TIMEx_BreakCallback                           build/stm32f0xx_hal_tim_ex.o
                                                  build/stm32f0xx_hal_tim.o
HAL_TIMEx_CommutationCallback                     build/stm32f0xx_hal_tim_ex.o
                                                  build/stm32f0xx_hal_tim.o
HAL_TIMEx_ConfigBreakDeadTime                     build/stm32f0xx_hal_tim_ex.o
                                                  build/tim.o
HAL_TIMEx_ConfigCommutationEvent                  build/stm32f0xx_hal_tim_ex.o
HAL_TIMEx_ConfigCommutationEvent_DMA              build/stm32f0xx_hal_tim_ex.o
HAL_TIMEx_ConfigCommutationEvent_IT               build/stm32f0xx_hal_tim_ex.o
HAL_TIMEx_HallSensor_DeInit                       build/stm32f0xx_hal_tim_ex.o
HAL_TIMEx_HallSensor_GetState                     build/stm32f0xx_hal_tim_ex.o
HAL_TIMEx_HallSensor_Init                         build/stm32f0xx_hal_tim_ex.o
HAL_TIMEx_HallSensor_MspDeInit                    build/stm32f0xx_hal_tim_ex.o
HAL_TIMEx_HallSensor_MspInit                      build/stm32f0xx_hal_tim_ex.o
HAL_TIMEx_HallSensor_Start                        build/stm32f0xx_hal_tim_ex.o
HAL_TIMEx_HallSensor_Start_DMA                    build/stm32f0xx_hal_tim_ex.o
HAL_TIMEx_HallSensor_Start_IT                     build/stm32f0xx_hal_tim_ex.o
HAL_TIMEx_HallSensor_Stop                         build/stm32f0xx_hal_tim_ex.o
HAL_TIMEx_HallSensor_Stop_DMA                     build/stm32f0xx_hal_tim_ex.o
HAL_TIMEx_HallSensor_Stop_IT                      build/stm32f0xx_hal_tim_ex.o
HAL_TIMEx_MasterConfigSynchronization             build/stm32f0xx_hal_tim_ex.o
                                                  build/tim.o
HAL_TIMEx_OCN_Start                               build/stm32f0xx_hal_tim_ex.o
HAL_TIMEx_OCN_Start_DMA                           build/stm32f0xx_hal_tim_ex.o
HAL_TIMEx_OCN_Start_IT                            build/stm32f0xx_hal_tim_ex.o
HAL_TIMEx_OCN_Stop                                build/stm32f0xx_hal_tim_ex.o
HAL_TIMEx_OCN_Stop_DMA                            build/stm32f0xx_hal_tim_ex.o
HAL_TIMEx_OCN_Stop_IT                             build/stm32f0xx_hal_tim_ex.o
HAL_TIMEx_OnePulseN_Start                         build/stm32f0xx_hal_tim_ex.o
HAL_TIMEx_OnePulseN_Start_IT                      build/stm32f0xx_hal_tim_ex.o
HAL_TIMEx_OnePulseN_Stop                          build/stm32f0xx_hal_tim_ex.o
HAL_TIMEx_OnePulseN_Stop_IT                       build/stm32f0xx_hal_tim_ex.o
HAL_TIMEx_PWMN_Start                              build/stm32f0xx_hal_tim_ex.o
HAL_TIMEx_PWMN_Start_DMA                          build/stm32f0xx_hal_tim_ex.o
HAL_TIMEx_PWMN_Start_IT                           build/stm32f0xx_hal_tim_ex.o
HAL_TIMEx_PWMN_Stop                               build/stm32f0xx_hal_tim_ex.o
HAL_TIMEx_PWMN_Stop_DMA                           build/stm32f0xx_hal_tim_ex.o
HAL_TIMEx_PWMN_Stop_IT                            build/stm32f0xx_hal_tim_ex.o
HAL_TIMEx_RemapConfig                             build/stm32f0xx_hal_tim_ex.o
HAL_TIM_Base_DeInit                               build/stm32f0xx_hal_tim.o
HAL_TIM_Base_GetState                             build/stm32f0xx_hal_tim.o
HAL_TIM_Base_Init                                 build/stm32f0xx_hal_tim.o
                                                  build/tim.o
HAL_TIM_Base_MspDeInit                            build/tim.o
HAL_TIM_Base_MspInit                              build/tim.o
HAL_TIM_Base_Start                                build/stm32f0xx_hal_tim.o
HAL_TIM_Base_Start_DMA                            build/stm32f0xx_hal_tim.o
HAL_TIM_Base_Start_IT                             build/stm32f0xx_hal_tim.o
HAL_TIM_Base_Stop                                 build/stm32f0xx_hal_tim.o
HAL_TIM_Base_Stop_DMA                             build/stm32f0xx_hal_tim.o
HAL_TIM_Base_Stop_IT                              build/stm32f0xx_hal_tim.o
HAL_TIM_ConfigClockSource                         build/stm32f0xx_hal_tim.o
                                                  build/tim.o
HAL_TIM_ConfigOCrefClear                          build/stm32f0xx_hal_tim.o
HAL_TIM_ConfigTI1Input                            build/stm32f0xx_hal_tim.o
HAL_TIM_DMABurst_MultiReadStart                   build/stm32f0xx_hal_tim.o
HAL_TIM_DMABurst_MultiWriteStart                  build/stm32f0xx_hal_tim.o
HAL_TIM_DMABurst_ReadStart                        build/stm32f0xx_hal_tim.o
HAL_TIM_DMABurst_ReadStop                         build/stm32f0xx_hal_tim.o
HAL_TIM_DMABurst_WriteStart                       build/stm32f0xx_hal_tim.o
HAL_TIM_DMABurst_WriteStop                        build/stm32f0xx_hal_tim.o
HAL_TIM_Encoder_DeInit                            build/stm32f0xx_hal_tim.o
HAL_TIM_Encoder_GetState                          build/stm32f0xx_hal_tim.o
HAL_TIM_Encoder_Init                              build/stm32f0xx_hal_tim.o
HAL_TIM_Encoder_MspDeInit                         build/stm32f0xx_hal_tim.o
HAL_TIM_Encoder_MspInit                           build/stm32f0xx_hal_tim.o
HAL_TIM_Encoder_Start                             build/stm32f0xx_hal_tim.o
HAL_TIM_Encoder_Start_DMA                         build/stm32f0xx_hal_tim.o
HAL_TIM_Encoder_Start_IT                          build/stm32f0xx_hal_tim.o
HAL_TIM_Encoder_Stop                              build/stm32f0xx_hal_tim.o
HAL_TIM_Encoder_Stop_DMA                          build/stm32f0xx_hal_tim.o
HAL_TIM_Encoder_Stop_IT                           build/stm32f0xx_hal_tim.o
HAL_TIM_ErrorCallback                             build/stm32f0xx_hal_tim.o
HAL_TIM_GenerateEvent                             build/stm32f0xx_hal_tim.o
HAL_TIM_IC_CaptureCallback                        build/stm32f0xx_hal_tim.o
HAL_TIM_IC_ConfigChannel                          build/stm32f0xx_hal_tim.o
                                                  build/tim.o
HAL_TIM_IC_DeInit                                 build/stm32f0xx_hal_tim.o
HAL_TIM_IC_GetState                               build/stm32f0xx_hal_tim.o
HAL_TIM_IC_Init                                   build/stm32f0xx_hal_tim.o
                                                  build/tim.o
HAL_TIM_IC_MspDeInit                              build/stm32f0xx_hal_tim.o
HAL_TIM_IC_MspInit                                build/stm32f0xx_hal_tim.o
HAL_TIM_IC_Start                                  build/stm32f0xx_hal_tim.o
HAL_TIM_IC_Start_DMA                              build/stm32f0xx_hal_tim.o
HAL_TIM_IC_Start_IT                               build/stm32f0xx_hal_tim.o
HAL_TIM_IC_Stop                                   build/stm32f0xx_hal_tim.o
HAL_TIM_IC_Stop_DMA                               build/stm32f0xx_hal_tim.o
HAL_TIM_IC_Stop_IT                                build/stm32f0xx_hal_tim.o
HAL_TIM_IRQHandler                                build/stm32f0xx_hal_tim.o
                                                  build/stm32f0xx_it.o
HAL_TIM_MspPostInit                               build/tim.o
HAL_TIM_OC_ConfigChannel                          build/stm32f0xx_hal_tim.o
HAL_TIM_OC_DeInit                                 build/stm32f0xx_hal_tim.o
HAL_TIM_OC_DelayElapsedCallback                   build/stm32f0xx_hal_tim.o
HAL_TIM_OC_GetState                               build/stm32f0xx_hal_tim.o
HAL_TIM_OC_Init                                   build/stm32f0xx_hal_tim.o
HAL_TIM_OC_MspDeInit                              build/stm32f0xx_hal_tim.o
HAL_TIM_OC_MspInit                                build/stm32f0xx_hal_tim.o
HAL_TIM_OC_Start                                  build/stm32f0xx_hal_tim.o
HAL_TIM_OC_Start_DMA                              build/stm32f0xx_hal_tim.o
HAL_TIM_OC_Start_IT                               build/stm32f0xx_hal_tim.o
HAL_TIM_OC_Stop                                   build/stm32f0xx_hal_tim.o
HAL_TIM_OC_Stop_DMA                               build/stm32f0xx_hal_tim.o
HAL_TIM_OC_Stop_IT                                build/stm32f0xx_hal_tim.o
HAL_TIM_OnePulse_ConfigChannel                    build/stm32f0xx_hal_tim.o
HAL_TIM_OnePulse_DeInit                           build/stm32f0xx_hal_tim.o
HAL_TIM_OnePulse_GetState                         build/stm32f0xx_hal_tim.o
HAL_TIM_OnePulse_Init                             build/stm32f0xx_hal_tim.o
HAL_TIM_OnePulse_MspDeInit                        build/stm32f0xx_hal_tim.o
HAL_TIM_OnePulse_MspInit                          build/stm32f0xx_hal_tim.o
HAL_TIM_OnePulse_Start                            build/stm32f0xx_hal_tim.o
HAL_TIM_OnePulse_Start_IT                         build/stm32f0xx_hal_tim.o
HAL_TIM_OnePulse_Stop                             build/stm32f0xx_hal_tim.o
HAL_TIM_OnePulse_Stop_IT                          build/stm32f0xx_hal_tim.o
HAL_TIM_PWM_ConfigChannel                         build/stm32f0xx_hal_tim.o
                                                  build/tim.o
HAL_TIM_PWM_DeInit                                build/stm32f0xx_hal_tim.o
HAL_TIM_PWM_GetState                              build/stm32f0xx_hal_tim.o
HAL_TIM_PWM_Init                                  build/stm32f0xx_hal_tim.o
                                                  build/tim.o
HAL_TIM_PWM_MspDeInit                             build/stm32f0xx_hal_tim.o
HAL_TIM_PWM_MspInit                               build/stm32f0xx_hal_tim.o
HAL_TIM_PWM_PulseFinishedCallback                 build/stm32f0xx_hal_tim.o
HAL_TIM_PWM_Start                                 build/stm32f0xx_hal_tim.o
                                                  build/main.o
HAL_TIM_PWM_Start_DMA                             build/stm32f0xx_hal_tim.o
HAL_TIM_PWM_Start_IT                              build/stm32f0xx_hal_tim.o
HAL_TIM_PWM_Stop                                  build/stm32f0xx_hal_tim.o
HAL_TIM_PWM_Stop_DMA                              build/stm32f0xx_hal_tim.o
HAL_TIM_PWM_Stop_IT                               build/stm32f0xx_hal_tim.o
HAL_TIM_PeriodElapsedCallback                     build/stm32f0xx_hal_tim.o
HAL_TIM_ReadCapturedValue                         build/stm32f0xx_hal_tim.o
HAL_TIM_SlaveConfigSynchronization                build/stm32f0xx_hal_tim.o
HAL_TIM_SlaveConfigSynchronization_IT             build/stm32f0xx_hal_tim.o
HAL_TIM_TriggerCallback                           build/stm32f0xx_hal_tim.o
HAL_UART_Abort                                    build/stm32f0xx_hal_uart.o
HAL_UART_AbortCpltCallback                        build/stm32f0xx_hal_uart.o
HAL_UART_AbortReceive                             build/stm32f0xx_hal_uart.o
HAL_UART_AbortReceiveCpltCallback                 build/stm32f0xx_hal_uart.o
HAL_UART_AbortReceive_IT                          build/stm32f0xx_hal_uart.o
HAL_UART_AbortTransmit                            build/stm32f0xx_hal_uart.o
HAL_UART_AbortTransmitCpltCallback                build/stm32f0xx_hal_uart.o
HAL_UART_AbortTransmit_IT                         build/stm32f0xx_hal_uart.o
HAL_UART_Abort_IT                                 build/stm32f0xx_hal_uart.o
HAL_UART_DMAPause                                 build/stm32f0xx_hal_uart.o
HAL_UART_DMAResume                                build/stm32f0xx_hal_uart.o
HAL_UART_DMAStop                                  build/stm32f0xx_hal_uart.o
HAL_UART_DeInit                                   build/stm32f0xx_hal_uart.o
HAL_UART_ErrorCallback                            build/stm32f0xx_hal_uart.o
HAL_UART_GetError                                 build/stm32f0xx_hal_uart.o
HAL_UART_GetState                                 build/stm32f0xx_hal_uart.o
HAL_UART_IRQHandler                               build/stm32f0xx_hal_uart.o
HAL_UART_Init                                     build/stm32f0xx_hal_uart.o
                                                  build/usart.o
HAL_UART_MspDeInit                                build/usart.o
HAL_UART_MspInit                                  build/usart.o
                                                  build/stm32f0xx_hal_uart_ex.o
HAL_UART_Receive                                  build/stm32f0xx_hal_uart.o
HAL_UART_Receive_DMA                              build/stm32f0xx_hal_uart.o
HAL_UART_Receive_IT                               build/stm32f0xx_hal_uart.o
HAL_UART_RxCpltCallback                           build/stm32f0xx_hal_uart.o
HAL_UART_RxHalfCpltCallback                       build/stm32f0xx_hal_uart.o
HAL_UART_Transmit                                 build/stm32f0xx_hal_uart.o
HAL_UART_Transmit_DMA                             build/stm32f0xx_hal_uart.o
HAL_UART_Transmit_IT                              build/stm32f0xx_hal_uart.o
HAL_UART_TxCpltCallback                           build/stm32f0xx_hal_uart.o
HAL_UART_TxHalfCpltCallback                       build/stm32f0xx_hal_uart.o
HardFault_Handler                                 build/stm32f0xx_it.o
I2C1_IRQHandler                                   build/startup_stm32f030xc.o
I2C2_IRQHandler                                   build/startup_stm32f030xc.o
MX_DMA_Init                                       build/dma.o
                                                  build/main.o
MX_GPIO_Init                                      build/gpio.o
                                                  build/main.o
MX_I2C1_Init                                      build/i2c.o
                                                  build/main.o
MX_IWDG_Init                                      build/iwdg.o
                                                  build/main.o
MX_RTC_Init                                       build/rtc.o
                                                  build/main.o
MX_SPI1_Init                                      build/spi.o
                                                  build/main.o
MX_TIM14_Init                                     build/tim.o
                                                  build/main.o
MX_TIM15_Init                                     build/tim.o
                                                  build/main.o
MX_TIM16_Init                                     build/tim.o
                                                  build/main.o
MX_TIM17_Init                                     build/tim.o
                                                  build/main.o
MX_TIM1_Init                                      build/tim.o
                                                  build/main.o
MX_TIM3_Init                                      build/tim.o
                                                  build/main.o
MX_USART1_UART_Init                               build/usart.o
                                                  build/main.o
MX_USART2_UART_Init                               build/usart.o
                                                  build/main.o
NMI_Handler                                       build/stm32f0xx_it.o
PendSV_Handler                                    build/stm32f0xx_it.o
RCC_IRQHandler                                    build/startup_stm32f030xc.o
RTC_Bcd2ToByte                                    build/stm32f0xx_hal_rtc.o
                                                  build/stm32f0xx_hal_rtc_ex.o
RTC_ByteToBcd2                                    build/stm32f0xx_hal_rtc.o
RTC_EnterInitMode                                 build/stm32f0xx_hal_rtc.o
                                                  build/stm32f0xx_hal_rtc_ex.o
RTC_IRQHandler                                    build/startup_stm32f030xc.o
Reset_Handler                                     build/startup_stm32f030xc.o
SPI1_IRQHandler                                   build/stm32f0xx_it.o
SPI2_IRQHandler                                   build/startup_stm32f030xc.o
SVC_Handler                                       build/stm32f0xx_it.o
SysTick_Handler                                   build/stm32f0xx_it.o
SystemClock_Config                                build/main.o
SystemCoreClock                                   build/system_stm32f0xx.o
                                                  build/stm32f0xx_hal_rcc.o
                                                  build/stm32f0xx_hal_spi.o
SystemCoreClockUpdate                             build/system_stm32f0xx.o
SystemInit                                        build/system_stm32f0xx.o
                                                  build/startup_stm32f030xc.o
TIM14_IRQHandler                                  build/stm32f0xx_it.o
TIM15_IRQHandler                                  build/startup_stm32f030xc.o
TIM16_IRQHandler                                  build/startup_stm32f030xc.o
TIM17_IRQHandler                                  build/startup_stm32f030xc.o
TIM1_BRK_UP_TRG_COM_IRQHandler                    build/startup_stm32f030xc.o
TIM1_CC_IRQHandler                                build/startup_stm32f030xc.o
TIM3_IRQHandler                                   build/startup_stm32f030xc.o
TIM6_IRQHandler                                   build/startup_stm32f030xc.o
TIM7_IRQHandler                                   build/startup_stm32f030xc.o
TIMEx_DMACommutationCplt                          build/stm32f0xx_hal_tim_ex.o
                                                  build/stm32f0xx_hal_tim.o
TIM_Base_SetConfig                                build/stm32f0xx_hal_tim.o
                                                  build/stm32f0xx_hal_tim_ex.o
TIM_CCxChannelCmd                                 build/stm32f0xx_hal_tim.o